// Jest Snapshot v1, https://goo.gl/fbAQLP

exports[`vaults.utils getVaultPerformance available reward, protocol, and persisted yields includes protocol, reward emissions, and yield sources 1`] = `
Array [
  CachedYieldSource {
    "address": "0x19D97D8fA813EE2f51aD4B4e04EA08bAf4DFfC28",
    "boostable": false,
    "chain": "ethereum",
    "chainAddress": "ethereum-0x19D97D8fA813EE2f51aD4B4e04EA08bAf4DFfC28",
    "id": "ethereum-0x19d97d8fa813ee2f51ad4b4e04ea08baf4dffc28_precompound_vault_compounding_flat",
    "name": "Vault Compounding",
    "performance": Object {
      "baseYield": 10,
      "grossYield": 10,
      "maxGrossYield": 10,
      "maxYield": 10,
      "minGrossYield": 10,
      "minYield": 10,
    },
    "type": "precompound",
  },
  CachedYieldSource {
    "address": "0x19D97D8fA813EE2f51aD4B4e04EA08bAf4DFfC28",
    "boostable": false,
    "chain": "ethereum",
    "chainAddress": "ethereum-0x19D97D8fA813EE2f51aD4B4e04EA08bAf4DFfC28",
    "id": "ethereum-0x19d97d8fa813ee2f51ad4b4e04ea08baf4dffc28_compound_vault_compounding_flat",
    "name": "Vault Compounding",
    "performance": Object {
      "baseYield": 14,
      "grossYield": 14,
      "maxGrossYield": 14,
      "maxYield": 14,
      "minGrossYield": 14,
      "minYield": 14,
    },
    "type": "compound",
  },
  CachedYieldSource {
    "address": "0x19D97D8fA813EE2f51aD4B4e04EA08bAf4DFfC28",
    "boostable": false,
    "chain": "ethereum",
    "chainAddress": "ethereum-0x19D97D8fA813EE2f51aD4B4e04EA08bAf4DFfC28",
    "id": "ethereum-0x19d97d8fa813ee2f51ad4b4e04ea08baf4dffc28_emission_badger_flat",
    "name": "Badger",
    "performance": Object {
      "baseYield": 1.3,
      "grossYield": 1.3,
      "maxGrossYield": 1.3,
      "maxYield": 1.3,
      "minGrossYield": 1.3,
      "minYield": 1.3,
    },
    "type": "emission",
  },
  CachedYieldSource {
    "address": "0x19D97D8fA813EE2f51aD4B4e04EA08bAf4DFfC28",
    "boostable": true,
    "chain": "ethereum",
    "chainAddress": "ethereum-0x19D97D8fA813EE2f51aD4B4e04EA08bAf4DFfC28",
    "id": "ethereum-0x19d97d8fa813ee2f51ad4b4e04ea08baf4dffc28_emission_boosted_badger_boosted",
    "name": "Boosted Badger",
    "performance": Object {
      "baseYield": 6.9,
      "grossYield": 8,
      "maxGrossYield": 32,
      "maxYield": 27.6,
      "minGrossYield": 1.6,
      "minYield": 1.3800000000000001,
    },
    "type": "emission",
  },
  CachedYieldSource {
    "address": "0x19D97D8fA813EE2f51aD4B4e04EA08bAf4DFfC28",
    "boostable": false,
    "chain": "ethereum",
    "chainAddress": "ethereum-0x19D97D8fA813EE2f51aD4B4e04EA08bAf4DFfC28",
    "id": "ethereum-0x19d97d8fa813ee2f51ad4b4e04ea08baf4dffc28_lp_fee_curve_lp_fee_flat",
    "name": "Curve LP Fee",
    "performance": Object {
      "baseYield": 0.03,
      "grossYield": 0.03,
      "maxGrossYield": 0.03,
      "maxYield": 0.03,
      "minGrossYield": 0.03,
      "minYield": 0.03,
    },
    "type": "lp_fee",
  },
]
`;

exports[`vaults.utils getVaultPerformance no rewards or harvests returns no value sources 1`] = `Array []`;
