// Jest Snapshot v1, https://goo.gl/fbAQLP

exports[`proofs.service getProtocolSummary request with currency returns the protocol summary in requested base currency 1`] = `
Object {
  "setts": Array [
    Object {
      "balance": 13,
      "name": "renBTC/wBTC/sBTC",
      "value": 142197.33333333334,
    },
    Object {
      "balance": 6,
      "name": "renBTC/wBTC",
      "value": 75048,
    },
    Object {
      "balance": 11,
      "name": "tBTC/sBTC",
      "value": 126848,
    },
    Object {
      "balance": 10,
      "name": "renBTC/wBTC",
      "value": 119706.66666666667,
    },
    Object {
      "balance": 2,
      "name": "wBTC/Badger",
      "value": 24138.666666666668,
    },
    Object {
      "balance": 12,
      "name": "wBTC/Digg",
      "value": 132053.33333333334,
    },
    Object {
      "balance": 7,
      "name": "wBTC/wETH",
      "value": 80240,
    },
    Object {
      "balance": 1,
      "name": "wBTC/Badger",
      "value": 16645.333333333332,
    },
    Object {
      "balance": 8,
      "name": "wBTC/Digg",
      "value": 92890.66666666667,
    },
    Object {
      "balance": 7,
      "name": "Digg",
      "value": 86352,
    },
    Object {
      "balance": 1,
      "name": "Badger",
      "value": 17645.333333333332,
    },
    Object {
      "balance": 4,
      "name": "wBTC",
      "value": 51589.333333333336,
    },
    Object {
      "balance": 8,
      "name": "wBTC/ibBTC",
      "value": 94589.33333333333,
    },
    Object {
      "balance": 8,
      "name": "hBTC",
      "value": 95888,
    },
    Object {
      "balance": 5,
      "name": "pBTC",
      "value": 58413.333333333336,
    },
    Object {
      "balance": 15,
      "name": "oBTC",
      "value": 166082.66666666666,
    },
    Object {
      "balance": 5,
      "name": "bBTC",
      "value": 64037.333333333336,
    },
    Object {
      "balance": 11,
      "name": "Tricrypto",
      "value": 129728,
    },
    Object {
      "balance": 2,
      "name": "cvxCRV",
      "value": 29578.666666666668,
    },
    Object {
      "balance": 5,
      "name": "CVX",
      "value": 57194.666666666664,
    },
    Object {
      "balance": 2,
      "name": "Tricrypto2",
      "value": 27245.333333333332,
    },
    Object {
      "balance": 5,
      "name": "imBTC",
      "value": 61176,
    },
    Object {
      "balance": 2,
      "name": "mhBTC",
      "value": 26432,
    },
    Object {
      "balance": 15,
      "name": "bveCVX",
      "value": 172728,
    },
    Object {
      "balance": 9,
      "name": "CVX / bveCVX",
      "value": 100680,
    },
    Object {
      "balance": 10,
      "name": "ibBTC / crvsBTC",
      "value": 119184,
    },
    Object {
      "balance": 1,
      "name": "MIM / 3CRV",
      "value": 17674.666666666668,
    },
    Object {
      "balance": 1,
      "name": "FRAX / 3CRV",
      "value": 14877.333333333334,
    },
    Object {
      "balance": 6,
      "name": "remBadger",
      "value": 73021.33333333333,
    },
    Object {
      "balance": 14,
      "name": "BADGER / WBTC",
      "value": 161184,
    },
  ],
  "totalValue": 2435069.3333333335,
  "vaults": Array [
    Object {
      "balance": 13,
      "name": "renBTC/wBTC/sBTC",
      "value": 142197.33333333334,
    },
    Object {
      "balance": 6,
      "name": "renBTC/wBTC",
      "value": 75048,
    },
    Object {
      "balance": 11,
      "name": "tBTC/sBTC",
      "value": 126848,
    },
    Object {
      "balance": 10,
      "name": "renBTC/wBTC",
      "value": 119706.66666666667,
    },
    Object {
      "balance": 2,
      "name": "wBTC/Badger",
      "value": 24138.666666666668,
    },
    Object {
      "balance": 12,
      "name": "wBTC/Digg",
      "value": 132053.33333333334,
    },
    Object {
      "balance": 7,
      "name": "wBTC/wETH",
      "value": 80240,
    },
    Object {
      "balance": 1,
      "name": "wBTC/Badger",
      "value": 16645.333333333332,
    },
    Object {
      "balance": 8,
      "name": "wBTC/Digg",
      "value": 92890.66666666667,
    },
    Object {
      "balance": 7,
      "name": "Digg",
      "value": 86352,
    },
    Object {
      "balance": 1,
      "name": "Badger",
      "value": 17645.333333333332,
    },
    Object {
      "balance": 4,
      "name": "wBTC",
      "value": 51589.333333333336,
    },
    Object {
      "balance": 8,
      "name": "wBTC/ibBTC",
      "value": 94589.33333333333,
    },
    Object {
      "balance": 8,
      "name": "hBTC",
      "value": 95888,
    },
    Object {
      "balance": 5,
      "name": "pBTC",
      "value": 58413.333333333336,
    },
    Object {
      "balance": 15,
      "name": "oBTC",
      "value": 166082.66666666666,
    },
    Object {
      "balance": 5,
      "name": "bBTC",
      "value": 64037.333333333336,
    },
    Object {
      "balance": 11,
      "name": "Tricrypto",
      "value": 129728,
    },
    Object {
      "balance": 2,
      "name": "cvxCRV",
      "value": 29578.666666666668,
    },
    Object {
      "balance": 5,
      "name": "CVX",
      "value": 57194.666666666664,
    },
    Object {
      "balance": 2,
      "name": "Tricrypto2",
      "value": 27245.333333333332,
    },
    Object {
      "balance": 5,
      "name": "imBTC",
      "value": 61176,
    },
    Object {
      "balance": 2,
      "name": "mhBTC",
      "value": 26432,
    },
    Object {
      "balance": 15,
      "name": "bveCVX",
      "value": 172728,
    },
    Object {
      "balance": 9,
      "name": "CVX / bveCVX",
      "value": 100680,
    },
    Object {
      "balance": 10,
      "name": "ibBTC / crvsBTC",
      "value": 119184,
    },
    Object {
      "balance": 1,
      "name": "MIM / 3CRV",
      "value": 17674.666666666668,
    },
    Object {
      "balance": 1,
      "name": "FRAX / 3CRV",
      "value": 14877.333333333334,
    },
    Object {
      "balance": 6,
      "name": "remBadger",
      "value": 73021.33333333333,
    },
    Object {
      "balance": 14,
      "name": "BADGER / WBTC",
      "value": 161184,
    },
  ],
}
`;

exports[`proofs.service getProtocolSummary request with no currency returns the protocol summary in usd base currency 1`] = `
Object {
  "setts": Array [
    Object {
      "balance": 13,
      "name": "renBTC/wBTC/sBTC",
      "value": 142197.33333333334,
    },
    Object {
      "balance": 6,
      "name": "renBTC/wBTC",
      "value": 75048,
    },
    Object {
      "balance": 11,
      "name": "tBTC/sBTC",
      "value": 126848,
    },
    Object {
      "balance": 10,
      "name": "renBTC/wBTC",
      "value": 119706.66666666667,
    },
    Object {
      "balance": 2,
      "name": "wBTC/Badger",
      "value": 24138.666666666668,
    },
    Object {
      "balance": 12,
      "name": "wBTC/Digg",
      "value": 132053.33333333334,
    },
    Object {
      "balance": 7,
      "name": "wBTC/wETH",
      "value": 80240,
    },
    Object {
      "balance": 1,
      "name": "wBTC/Badger",
      "value": 16645.333333333332,
    },
    Object {
      "balance": 8,
      "name": "wBTC/Digg",
      "value": 92890.66666666667,
    },
    Object {
      "balance": 7,
      "name": "Digg",
      "value": 86352,
    },
    Object {
      "balance": 1,
      "name": "Badger",
      "value": 17645.333333333332,
    },
    Object {
      "balance": 4,
      "name": "wBTC",
      "value": 51589.333333333336,
    },
    Object {
      "balance": 8,
      "name": "wBTC/ibBTC",
      "value": 94589.33333333333,
    },
    Object {
      "balance": 8,
      "name": "hBTC",
      "value": 95888,
    },
    Object {
      "balance": 5,
      "name": "pBTC",
      "value": 58413.333333333336,
    },
    Object {
      "balance": 15,
      "name": "oBTC",
      "value": 166082.66666666666,
    },
    Object {
      "balance": 5,
      "name": "bBTC",
      "value": 64037.333333333336,
    },
    Object {
      "balance": 11,
      "name": "Tricrypto",
      "value": 129728,
    },
    Object {
      "balance": 2,
      "name": "cvxCRV",
      "value": 29578.666666666668,
    },
    Object {
      "balance": 5,
      "name": "CVX",
      "value": 57194.666666666664,
    },
    Object {
      "balance": 2,
      "name": "Tricrypto2",
      "value": 27245.333333333332,
    },
    Object {
      "balance": 5,
      "name": "imBTC",
      "value": 61176,
    },
    Object {
      "balance": 2,
      "name": "mhBTC",
      "value": 26432,
    },
    Object {
      "balance": 15,
      "name": "bveCVX",
      "value": 172728,
    },
    Object {
      "balance": 9,
      "name": "CVX / bveCVX",
      "value": 100680,
    },
    Object {
      "balance": 10,
      "name": "ibBTC / crvsBTC",
      "value": 119184,
    },
    Object {
      "balance": 1,
      "name": "MIM / 3CRV",
      "value": 17674.666666666668,
    },
    Object {
      "balance": 1,
      "name": "FRAX / 3CRV",
      "value": 14877.333333333334,
    },
    Object {
      "balance": 6,
      "name": "remBadger",
      "value": 73021.33333333333,
    },
    Object {
      "balance": 14,
      "name": "BADGER / WBTC",
      "value": 161184,
    },
  ],
  "totalValue": 2435069.3333333335,
  "vaults": Array [
    Object {
      "balance": 13,
      "name": "renBTC/wBTC/sBTC",
      "value": 142197.33333333334,
    },
    Object {
      "balance": 6,
      "name": "renBTC/wBTC",
      "value": 75048,
    },
    Object {
      "balance": 11,
      "name": "tBTC/sBTC",
      "value": 126848,
    },
    Object {
      "balance": 10,
      "name": "renBTC/wBTC",
      "value": 119706.66666666667,
    },
    Object {
      "balance": 2,
      "name": "wBTC/Badger",
      "value": 24138.666666666668,
    },
    Object {
      "balance": 12,
      "name": "wBTC/Digg",
      "value": 132053.33333333334,
    },
    Object {
      "balance": 7,
      "name": "wBTC/wETH",
      "value": 80240,
    },
    Object {
      "balance": 1,
      "name": "wBTC/Badger",
      "value": 16645.333333333332,
    },
    Object {
      "balance": 8,
      "name": "wBTC/Digg",
      "value": 92890.66666666667,
    },
    Object {
      "balance": 7,
      "name": "Digg",
      "value": 86352,
    },
    Object {
      "balance": 1,
      "name": "Badger",
      "value": 17645.333333333332,
    },
    Object {
      "balance": 4,
      "name": "wBTC",
      "value": 51589.333333333336,
    },
    Object {
      "balance": 8,
      "name": "wBTC/ibBTC",
      "value": 94589.33333333333,
    },
    Object {
      "balance": 8,
      "name": "hBTC",
      "value": 95888,
    },
    Object {
      "balance": 5,
      "name": "pBTC",
      "value": 58413.333333333336,
    },
    Object {
      "balance": 15,
      "name": "oBTC",
      "value": 166082.66666666666,
    },
    Object {
      "balance": 5,
      "name": "bBTC",
      "value": 64037.333333333336,
    },
    Object {
      "balance": 11,
      "name": "Tricrypto",
      "value": 129728,
    },
    Object {
      "balance": 2,
      "name": "cvxCRV",
      "value": 29578.666666666668,
    },
    Object {
      "balance": 5,
      "name": "CVX",
      "value": 57194.666666666664,
    },
    Object {
      "balance": 2,
      "name": "Tricrypto2",
      "value": 27245.333333333332,
    },
    Object {
      "balance": 5,
      "name": "imBTC",
      "value": 61176,
    },
    Object {
      "balance": 2,
      "name": "mhBTC",
      "value": 26432,
    },
    Object {
      "balance": 15,
      "name": "bveCVX",
      "value": 172728,
    },
    Object {
      "balance": 9,
      "name": "CVX / bveCVX",
      "value": 100680,
    },
    Object {
      "balance": 10,
      "name": "ibBTC / crvsBTC",
      "value": 119184,
    },
    Object {
      "balance": 1,
      "name": "MIM / 3CRV",
      "value": 17674.666666666668,
    },
    Object {
      "balance": 1,
      "name": "FRAX / 3CRV",
      "value": 14877.333333333334,
    },
    Object {
      "balance": 6,
      "name": "remBadger",
      "value": 73021.33333333333,
    },
    Object {
      "balance": 14,
      "name": "BADGER / WBTC",
      "value": 161184,
    },
  ],
}
`;
