// Jest Snapshot v1, https://goo.gl/fbAQLP

exports[`token.utils getVaultTokens returns all deposit token for a liquidity token underlying token 1`] = `
Array [
  Object {
    "address": "0x2260FAC5E5542a773Aa44fBCfeDf7C193bc2C599",
    "balance": 1,
    "decimals": 8,
    "name": "Wrapped Bitcoin",
    "symbol": "WBTC",
    "value": 550,
  },
  Object {
    "address": "0xC02aaA39b223FE8D0A0e5C4F27eAD9083C756Cc2",
    "balance": 20,
    "decimals": 18,
    "name": "Wrapped Ethereum",
    "symbol": "WETH",
    "value": 61480,
  },
]
`;

exports[`token.utils getVaultTokens returns the single underlying token for a non liquidity token underlying token 1`] = `
Array [
  Object {
    "address": "0x3472A5A71965499acd81997a54BBA8D852C6E53d",
    "balance": 10,
    "decimals": 18,
    "name": "Badger",
    "symbol": "BADGER",
    "value": 8390,
  },
]
`;
