// Jest Snapshot v1, https://goo.gl/fbAQLP

exports[`accounts.utils getAccountMap a saved account returns the stored account 1`] = `
Object {
  "0xe6487033F5C8e2b4726AF54CA1449FEC18Bd1484": Object {
    "address": "0xe6487033F5C8e2b4726AF54CA1449FEC18Bd1484",
    "balances": Array [],
    "boost": 0,
    "boostRank": 0,
    "claimableBalances": Array [],
    "earnedValue": 0,
    "multipliers": Array [],
    "nativeBalance": 0,
    "nonNativeBalance": 0,
    "stakeRatio": 0,
    "value": 0,
  },
}
`;

exports[`accounts.utils getAccountMap no saved account returns the account with the default account mapping 1`] = `
Object {
  "0xe6487033F5C8e2b4726AF54CA1449FEC18Bd1484": Object {
    "address": "0xe6487033F5C8e2b4726AF54CA1449FEC18Bd1484",
    "balances": Array [],
    "boost": 0,
    "boostRank": 0,
    "claimableBalances": Array [],
    "earnedValue": 0,
    "multipliers": Array [],
    "nativeBalance": 0,
    "nonNativeBalance": 0,
    "stakeRatio": 0,
    "value": 0,
  },
}
`;
