// Jest Snapshot v1, https://goo.gl/fbAQLP

exports[`accounts.service getAccount returns the expected account 1`] = `
Object {
  "address": "0xe6487033F5C8e2b4726AF54CA1449FEC18Bd1484",
  "boost": 2000,
  "boostRank": 1,
  "bveCvxBalance": 1,
  "claimableBalances": Object {},
  "data": Object {},
  "earnedValue": 1,
  "multipliers": Object {},
  "nativeBalance": 5,
  "nftBalance": 3,
  "nonNativeBalance": 5,
  "rank": 1,
  "stakeRatio": 1,
  "value": 10,
}
`;
