// Jest Snapshot v1, https://goo.gl/fbAQLP

exports[`SettsController GET /v2/setts with a specified chain returns the setts for bsc 1`] = `
Array [
  Object {
    "apr": 9.4075,
    "asset": "PLP-BNB-BTCB",
    "balance": 0,
    "boostable": false,
    "experimental": false,
    "hasBouncer": false,
    "name": "Pancakeswap BNB/BTCB",
    "ppfs": 1,
    "sources": Array [
      Object {
        "apr": 6.8775,
        "boostable": false,
        "harvestable": false,
        "maxApr": 6.8775,
        "minApr": 6.8775,
        "name": "Badger Rewards",
        "performance": Object {
          "oneDay": 6.8775,
          "sevenDay": 6.8775,
          "thirtyDay": 6.8775,
          "threeDay": 6.8775,
        },
      },
      Object {
        "apr": 1.2,
        "boostable": false,
        "harvestable": false,
        "maxApr": 1.2,
        "minApr": 1.2,
        "name": "Digg Rewards",
        "performance": Object {
          "oneDay": 1.2,
          "sevenDay": 1.2,
          "thirtyDay": 1.2,
          "threeDay": 1.2,
        },
      },
      Object {
        "apr": 1.33,
        "boostable": false,
        "harvestable": false,
        "maxApr": 1.33,
        "minApr": 1.33,
        "name": "Curve Trading Fees",
        "performance": Object {
          "oneDay": 1.33,
          "sevenDay": 1.33,
          "thirtyDay": 1.33,
          "threeDay": 1.33,
        },
      },
    ],
    "tokens": Array [
      Object {
        "address": "0x61EB789d75A95CAa3fF50ed7E47b96c132fEc082",
        "balance": 97,
        "decimals": 18,
        "name": "Pancakeswap: BNB-BTCB",
        "symbol": "PLP-BNB-BTCB",
        "value": 9409,
      },
      Object {
        "address": "0x61EB789d75A95CAa3fF50ed7E47b96c132fEc082",
        "balance": 25067,
        "decimals": 18,
        "name": "Pancakeswap: BNB-BTCB",
        "symbol": "PLP-BNB-BTCB",
        "value": 2431499,
      },
    ],
    "underlyingToken": "0x61EB789d75A95CAa3fF50ed7E47b96c132fEc082",
    "value": 2440908,
    "vaultToken": "0xaf4B9C4b545D5324904bAa15e29796D2E2f90813",
  },
  Object {
    "apr": 9.4075,
    "asset": "PLP-BBADGER-BTCB",
    "balance": 0,
    "boostable": false,
    "experimental": false,
    "hasBouncer": false,
    "name": "Pancakeswap bBADGER/BTCB",
    "ppfs": 1,
    "sources": Array [
      Object {
        "apr": 6.8775,
        "boostable": false,
        "harvestable": false,
        "maxApr": 6.8775,
        "minApr": 6.8775,
        "name": "Badger Rewards",
        "performance": Object {
          "oneDay": 6.8775,
          "sevenDay": 6.8775,
          "thirtyDay": 6.8775,
          "threeDay": 6.8775,
        },
      },
      Object {
        "apr": 1.2,
        "boostable": false,
        "harvestable": false,
        "maxApr": 1.2,
        "minApr": 1.2,
        "name": "Digg Rewards",
        "performance": Object {
          "oneDay": 1.2,
          "sevenDay": 1.2,
          "thirtyDay": 1.2,
          "threeDay": 1.2,
        },
      },
      Object {
        "apr": 1.33,
        "boostable": false,
        "harvestable": false,
        "maxApr": 1.33,
        "minApr": 1.33,
        "name": "Curve Trading Fees",
        "performance": Object {
          "oneDay": 1.33,
          "sevenDay": 1.33,
          "thirtyDay": 1.33,
          "threeDay": 1.33,
        },
      },
    ],
    "tokens": Array [
      Object {
        "address": "0x5A58609dA96469E9dEf3fE344bC39B00d18eb9A5",
        "balance": 90,
        "decimals": 18,
        "name": "Pancakeswap: BBADGER-BTCB",
        "symbol": "PLP-BBADGER-BTCB",
        "value": 8100,
      },
      Object {
        "address": "0x5A58609dA96469E9dEf3fE344bC39B00d18eb9A5",
        "balance": 23128,
        "decimals": 18,
        "name": "Pancakeswap: BBADGER-BTCB",
        "symbol": "PLP-BBADGER-BTCB",
        "value": 2081520,
      },
    ],
    "underlyingToken": "0x5A58609dA96469E9dEf3fE344bC39B00d18eb9A5",
    "value": 2089620,
    "vaultToken": "0x857F91f735f4B03b19D2b5c6E476C73DB8241F55",
  },
  Object {
    "apr": 9.4075,
    "asset": "PLP-BDIGG-BTCB",
    "balance": 0,
    "boostable": false,
    "experimental": false,
    "hasBouncer": false,
    "name": "Pancakeswap bDIGG/BTCB",
    "ppfs": 1,
    "sources": Array [
      Object {
        "apr": 6.8775,
        "boostable": false,
        "harvestable": false,
        "maxApr": 6.8775,
        "minApr": 6.8775,
        "name": "Badger Rewards",
        "performance": Object {
          "oneDay": 6.8775,
          "sevenDay": 6.8775,
          "thirtyDay": 6.8775,
          "threeDay": 6.8775,
        },
      },
      Object {
        "apr": 1.2,
        "boostable": false,
        "harvestable": false,
        "maxApr": 1.2,
        "minApr": 1.2,
        "name": "Digg Rewards",
        "performance": Object {
          "oneDay": 1.2,
          "sevenDay": 1.2,
          "thirtyDay": 1.2,
          "threeDay": 1.2,
        },
      },
      Object {
        "apr": 1.33,
        "boostable": false,
        "harvestable": false,
        "maxApr": 1.33,
        "minApr": 1.33,
        "name": "Curve Trading Fees",
        "performance": Object {
          "oneDay": 1.33,
          "sevenDay": 1.33,
          "thirtyDay": 1.33,
          "threeDay": 1.33,
        },
      },
    ],
    "tokens": Array [
      Object {
        "address": "0x81d776C90c89B8d51E9497D58338933127e2fA80",
        "balance": 129,
        "decimals": 18,
        "name": "Pancakeswap: BDIGG-BTCB",
        "symbol": "PLP-BDIGG-BTCB",
        "value": 16641,
      },
      Object {
        "address": "0x81d776C90c89B8d51E9497D58338933127e2fA80",
        "balance": 33239,
        "decimals": 18,
        "name": "Pancakeswap: BDIGG-BTCB",
        "symbol": "PLP-BDIGG-BTCB",
        "value": 4287831,
      },
    ],
    "underlyingToken": "0x81d776C90c89B8d51E9497D58338933127e2fA80",
    "value": 4304472,
    "vaultToken": "0xa861Ba302674b08f7F2F24381b705870521DDfed",
  },
]
`;

exports[`SettsController GET /v2/setts with a specified chain returns the setts for eth 1`] = `
Array [
  Object {
    "apr": 22.940710000000003,
    "asset": "crvsBTC",
    "balance": 0,
    "boostable": false,
    "experimental": false,
    "hasBouncer": false,
    "name": "Curve.fi renBTC/wBTC/sBTC",
    "ppfs": 1,
    "sources": Array [
      Object {
        "apr": 13.53321,
        "boostable": false,
        "harvestable": false,
        "maxApr": 13.53321,
        "minApr": 13.53321,
        "name": "Vault Compounding",
        "performance": Object {
          "oneDay": 13.53321,
          "sevenDay": 13.53321,
          "thirtyDay": 13.53321,
          "threeDay": 13.53321,
        },
      },
      Object {
        "apr": 6.8775,
        "boostable": false,
        "harvestable": false,
        "maxApr": 6.8775,
        "minApr": 6.8775,
        "name": "Badger Rewards",
        "performance": Object {
          "oneDay": 6.8775,
          "sevenDay": 6.8775,
          "thirtyDay": 6.8775,
          "threeDay": 6.8775,
        },
      },
      Object {
        "apr": 1.2,
        "boostable": false,
        "harvestable": false,
        "maxApr": 1.2,
        "minApr": 1.2,
        "name": "Digg Rewards",
        "performance": Object {
          "oneDay": 1.2,
          "sevenDay": 1.2,
          "thirtyDay": 1.2,
          "threeDay": 1.2,
        },
      },
      Object {
        "apr": 1.33,
        "boostable": false,
        "harvestable": false,
        "maxApr": 1.33,
        "minApr": 1.33,
        "name": "Curve Trading Fees",
        "performance": Object {
          "oneDay": 1.33,
          "sevenDay": 1.33,
          "thirtyDay": 1.33,
          "threeDay": 1.33,
        },
      },
    ],
    "tokens": Array [
      Object {
        "address": "0x075b1bb99792c9E1041bA13afEf80C91a1e70fB3",
        "balance": 7,
        "decimals": 18,
        "name": "Curve.fi renBTC/wBTC/sBTC",
        "symbol": "crvsBTC",
        "value": 49,
      },
    ],
    "underlyingToken": "0x075b1bb99792c9E1041bA13afEf80C91a1e70fB3",
    "value": 49,
    "vaultToken": "0xd04c48A53c111300aD41190D63681ed3dAd998eC",
  },
  Object {
    "apr": 22.940710000000003,
    "asset": "crvrenWBTC",
    "balance": 0,
    "boostable": false,
    "experimental": false,
    "hasBouncer": false,
    "name": "Curve.fi renBTC/wBTC",
    "ppfs": 1,
    "sources": Array [
      Object {
        "apr": 13.53321,
        "boostable": false,
        "harvestable": false,
        "maxApr": 13.53321,
        "minApr": 13.53321,
        "name": "Vault Compounding",
        "performance": Object {
          "oneDay": 13.53321,
          "sevenDay": 13.53321,
          "thirtyDay": 13.53321,
          "threeDay": 13.53321,
        },
      },
      Object {
        "apr": 6.8775,
        "boostable": false,
        "harvestable": false,
        "maxApr": 6.8775,
        "minApr": 6.8775,
        "name": "Badger Rewards",
        "performance": Object {
          "oneDay": 6.8775,
          "sevenDay": 6.8775,
          "thirtyDay": 6.8775,
          "threeDay": 6.8775,
        },
      },
      Object {
        "apr": 1.2,
        "boostable": false,
        "harvestable": false,
        "maxApr": 1.2,
        "minApr": 1.2,
        "name": "Digg Rewards",
        "performance": Object {
          "oneDay": 1.2,
          "sevenDay": 1.2,
          "thirtyDay": 1.2,
          "threeDay": 1.2,
        },
      },
      Object {
        "apr": 1.33,
        "boostable": false,
        "harvestable": false,
        "maxApr": 1.33,
        "minApr": 1.33,
        "name": "Curve Trading Fees",
        "performance": Object {
          "oneDay": 1.33,
          "sevenDay": 1.33,
          "thirtyDay": 1.33,
          "threeDay": 1.33,
        },
      },
    ],
    "tokens": Array [
      Object {
        "address": "0x49849C98ae39Fff122806C06791Fa73784FB3675",
        "balance": 73,
        "decimals": 18,
        "name": "Curve.fi: renCrv Token",
        "symbol": "crvrenWBTC",
        "value": 5329,
      },
    ],
    "underlyingToken": "0x49849C98ae39Fff122806C06791Fa73784FB3675",
    "value": 5329,
    "vaultToken": "0x6dEf55d2e18486B9dDfaA075bc4e4EE0B28c1545",
  },
  Object {
    "apr": 22.940710000000003,
    "asset": "crvtBTC",
    "balance": 0,
    "boostable": false,
    "experimental": false,
    "hasBouncer": false,
    "name": "Curve.fi tBTC/sBTC",
    "ppfs": 1,
    "sources": Array [
      Object {
        "apr": 13.53321,
        "boostable": false,
        "harvestable": false,
        "maxApr": 13.53321,
        "minApr": 13.53321,
        "name": "Vault Compounding",
        "performance": Object {
          "oneDay": 13.53321,
          "sevenDay": 13.53321,
          "thirtyDay": 13.53321,
          "threeDay": 13.53321,
        },
      },
      Object {
        "apr": 6.8775,
        "boostable": false,
        "harvestable": false,
        "maxApr": 6.8775,
        "minApr": 6.8775,
        "name": "Badger Rewards",
        "performance": Object {
          "oneDay": 6.8775,
          "sevenDay": 6.8775,
          "thirtyDay": 6.8775,
          "threeDay": 6.8775,
        },
      },
      Object {
        "apr": 1.2,
        "boostable": false,
        "harvestable": false,
        "maxApr": 1.2,
        "minApr": 1.2,
        "name": "Digg Rewards",
        "performance": Object {
          "oneDay": 1.2,
          "sevenDay": 1.2,
          "thirtyDay": 1.2,
          "threeDay": 1.2,
        },
      },
      Object {
        "apr": 1.33,
        "boostable": false,
        "harvestable": false,
        "maxApr": 1.33,
        "minApr": 1.33,
        "name": "Curve Trading Fees",
        "performance": Object {
          "oneDay": 1.33,
          "sevenDay": 1.33,
          "thirtyDay": 1.33,
          "threeDay": 1.33,
        },
      },
    ],
    "tokens": Array [
      Object {
        "address": "0x64eda51d3Ad40D56b9dFc5554E06F94e1Dd786Fd",
        "balance": 100,
        "decimals": 18,
        "name": "Curve.fi tBTC/sbtcCrv",
        "symbol": "crvtBTC",
        "value": 10000,
      },
    ],
    "underlyingToken": "0x64eda51d3Ad40D56b9dFc5554E06F94e1Dd786Fd",
    "value": 10000,
    "vaultToken": "0xb9D076fDe463dbc9f915E5392F807315Bf940334",
  },
  Object {
    "apr": 22.940710000000003,
    "asset": "crvrenWBTC",
    "balance": 0,
    "boostable": false,
    "experimental": false,
    "hasBouncer": false,
    "name": "Harvest-Curve.fi renBTC/wBTC",
    "ppfs": 1,
    "sources": Array [
      Object {
        "apr": 13.53321,
        "boostable": false,
        "harvestable": false,
        "maxApr": 13.53321,
        "minApr": 13.53321,
        "name": "Vault Compounding",
        "performance": Object {
          "oneDay": 13.53321,
          "sevenDay": 13.53321,
          "thirtyDay": 13.53321,
          "threeDay": 13.53321,
        },
      },
      Object {
        "apr": 6.8775,
        "boostable": false,
        "harvestable": false,
        "maxApr": 6.8775,
        "minApr": 6.8775,
        "name": "Badger Rewards",
        "performance": Object {
          "oneDay": 6.8775,
          "sevenDay": 6.8775,
          "thirtyDay": 6.8775,
          "threeDay": 6.8775,
        },
      },
      Object {
        "apr": 1.2,
        "boostable": false,
        "harvestable": false,
        "maxApr": 1.2,
        "minApr": 1.2,
        "name": "Digg Rewards",
        "performance": Object {
          "oneDay": 1.2,
          "sevenDay": 1.2,
          "thirtyDay": 1.2,
          "threeDay": 1.2,
        },
      },
      Object {
        "apr": 1.33,
        "boostable": false,
        "harvestable": false,
        "maxApr": 1.33,
        "minApr": 1.33,
        "name": "Curve Trading Fees",
        "performance": Object {
          "oneDay": 1.33,
          "sevenDay": 1.33,
          "thirtyDay": 1.33,
          "threeDay": 1.33,
        },
      },
    ],
    "tokens": Array [
      Object {
        "address": "0x49849C98ae39Fff122806C06791Fa73784FB3675",
        "balance": 73,
        "decimals": 18,
        "name": "Curve.fi: renCrv Token",
        "symbol": "crvrenWBTC",
        "value": 5329,
      },
    ],
    "underlyingToken": "0x49849C98ae39Fff122806C06791Fa73784FB3675",
    "value": 5329,
    "vaultToken": "0xAf5A1DECfa95BAF63E0084a35c62592B774A2A87",
  },
  Object {
    "apr": 22.940710000000003,
    "asset": "BADGER-WBTC",
    "balance": 0,
    "boostable": false,
    "experimental": false,
    "hasBouncer": false,
    "name": "Uniswap Wrapped BTC/Badger",
    "ppfs": 1,
    "sources": Array [
      Object {
        "apr": 13.53321,
        "boostable": false,
        "harvestable": false,
        "maxApr": 13.53321,
        "minApr": 13.53321,
        "name": "Vault Compounding",
        "performance": Object {
          "oneDay": 13.53321,
          "sevenDay": 13.53321,
          "thirtyDay": 13.53321,
          "threeDay": 13.53321,
        },
      },
      Object {
        "apr": 6.8775,
        "boostable": false,
        "harvestable": false,
        "maxApr": 6.8775,
        "minApr": 6.8775,
        "name": "Badger Rewards",
        "performance": Object {
          "oneDay": 6.8775,
          "sevenDay": 6.8775,
          "thirtyDay": 6.8775,
          "threeDay": 6.8775,
        },
      },
      Object {
        "apr": 1.2,
        "boostable": false,
        "harvestable": false,
        "maxApr": 1.2,
        "minApr": 1.2,
        "name": "Digg Rewards",
        "performance": Object {
          "oneDay": 1.2,
          "sevenDay": 1.2,
          "thirtyDay": 1.2,
          "threeDay": 1.2,
        },
      },
      Object {
        "apr": 1.33,
        "boostable": false,
        "harvestable": false,
        "maxApr": 1.33,
        "minApr": 1.33,
        "name": "Curve Trading Fees",
        "performance": Object {
          "oneDay": 1.33,
          "sevenDay": 1.33,
          "thirtyDay": 1.33,
          "threeDay": 1.33,
        },
      },
    ],
    "tokens": Array [
      Object {
        "address": "0xcD7989894bc033581532D2cd88Da5db0A4b12859",
        "balance": 205,
        "decimals": 18,
        "name": "Uniswap V2: WBTC-BADGER",
        "symbol": "BADGER-WBTC",
        "value": 42025,
      },
      Object {
        "address": "0xcD7989894bc033581532D2cd88Da5db0A4b12859",
        "balance": 52601,
        "decimals": 18,
        "name": "Uniswap V2: WBTC-BADGER",
        "symbol": "BADGER-WBTC",
        "value": 10783205,
      },
    ],
    "underlyingToken": "0xcD7989894bc033581532D2cd88Da5db0A4b12859",
    "value": 10825230,
    "vaultToken": "0x235c9e24D3FB2FAFd58a2E49D454Fdcd2DBf7FF1",
  },
  Object {
    "apr": 22.940710000000003,
    "asset": "DIGG-WBTC",
    "balance": 0,
    "boostable": false,
    "experimental": false,
    "hasBouncer": false,
    "name": "Uniswap Wrapped BTC/Digg",
    "ppfs": 1,
    "sources": Array [
      Object {
        "apr": 13.53321,
        "boostable": false,
        "harvestable": false,
        "maxApr": 13.53321,
        "minApr": 13.53321,
        "name": "Vault Compounding",
        "performance": Object {
          "oneDay": 13.53321,
          "sevenDay": 13.53321,
          "thirtyDay": 13.53321,
          "threeDay": 13.53321,
        },
      },
      Object {
        "apr": 6.8775,
        "boostable": false,
        "harvestable": false,
        "maxApr": 6.8775,
        "minApr": 6.8775,
        "name": "Badger Rewards",
        "performance": Object {
          "oneDay": 6.8775,
          "sevenDay": 6.8775,
          "thirtyDay": 6.8775,
          "threeDay": 6.8775,
        },
      },
      Object {
        "apr": 1.2,
        "boostable": false,
        "harvestable": false,
        "maxApr": 1.2,
        "minApr": 1.2,
        "name": "Digg Rewards",
        "performance": Object {
          "oneDay": 1.2,
          "sevenDay": 1.2,
          "thirtyDay": 1.2,
          "threeDay": 1.2,
        },
      },
      Object {
        "apr": 1.33,
        "boostable": false,
        "harvestable": false,
        "maxApr": 1.33,
        "minApr": 1.33,
        "name": "Curve Trading Fees",
        "performance": Object {
          "oneDay": 1.33,
          "sevenDay": 1.33,
          "thirtyDay": 1.33,
          "threeDay": 1.33,
        },
      },
    ],
    "tokens": Array [
      Object {
        "address": "0xE86204c4eDDd2f70eE00EAd6805f917671F56c52",
        "balance": 232,
        "decimals": 18,
        "name": "Uniswap V2: WBTC-DIGG",
        "symbol": "DIGG-WBTC",
        "value": 53824,
      },
      Object {
        "address": "0xE86204c4eDDd2f70eE00EAd6805f917671F56c52",
        "balance": 59490,
        "decimals": 18,
        "name": "Uniswap V2: WBTC-DIGG",
        "symbol": "DIGG-WBTC",
        "value": 13801680,
      },
    ],
    "underlyingToken": "0xE86204c4eDDd2f70eE00EAd6805f917671F56c52",
    "value": 13855504,
    "vaultToken": "0xC17078FDd324CC473F8175Dc5290fae5f2E84714",
  },
  Object {
    "apr": 22.940710000000003,
    "asset": "SLP-WBTC-ETH",
    "balance": 0,
    "boostable": false,
    "experimental": false,
    "hasBouncer": false,
    "name": "Sushiswap Wrapped BTC/Wrapped Ether",
    "ppfs": 1,
    "sources": Array [
      Object {
        "apr": 13.53321,
        "boostable": false,
        "harvestable": false,
        "maxApr": 13.53321,
        "minApr": 13.53321,
        "name": "Vault Compounding",
        "performance": Object {
          "oneDay": 13.53321,
          "sevenDay": 13.53321,
          "thirtyDay": 13.53321,
          "threeDay": 13.53321,
        },
      },
      Object {
        "apr": 6.8775,
        "boostable": false,
        "harvestable": false,
        "maxApr": 6.8775,
        "minApr": 6.8775,
        "name": "Badger Rewards",
        "performance": Object {
          "oneDay": 6.8775,
          "sevenDay": 6.8775,
          "thirtyDay": 6.8775,
          "threeDay": 6.8775,
        },
      },
      Object {
        "apr": 1.2,
        "boostable": false,
        "harvestable": false,
        "maxApr": 1.2,
        "minApr": 1.2,
        "name": "Digg Rewards",
        "performance": Object {
          "oneDay": 1.2,
          "sevenDay": 1.2,
          "thirtyDay": 1.2,
          "threeDay": 1.2,
        },
      },
      Object {
        "apr": 1.33,
        "boostable": false,
        "harvestable": false,
        "maxApr": 1.33,
        "minApr": 1.33,
        "name": "Curve Trading Fees",
        "performance": Object {
          "oneDay": 1.33,
          "sevenDay": 1.33,
          "thirtyDay": 1.33,
          "threeDay": 1.33,
        },
      },
    ],
    "tokens": Array [
      Object {
        "address": "0xCEfF51756c56CeFFCA006cD410B03FFC46dd3a58",
        "balance": 206,
        "decimals": 18,
        "name": "SushiSwap: WBTC-ETH",
        "symbol": "SLP-WBTC-ETH",
        "value": 42436,
      },
      Object {
        "address": "0xCEfF51756c56CeFFCA006cD410B03FFC46dd3a58",
        "balance": 52991,
        "decimals": 18,
        "name": "SushiSwap: WBTC-ETH",
        "symbol": "SLP-WBTC-ETH",
        "value": 10916146,
      },
    ],
    "underlyingToken": "0xCEfF51756c56CeFFCA006cD410B03FFC46dd3a58",
    "value": 10958582,
    "vaultToken": "0x758A43EE2BFf8230eeb784879CdcFF4828F2544D",
  },
  Object {
    "apr": 22.940710000000003,
    "asset": "SLP-BADGER-WBTC",
    "balance": 0,
    "boostable": false,
    "experimental": false,
    "hasBouncer": false,
    "name": "Sushiswap Wrapped BTC/Badger",
    "ppfs": 1,
    "sources": Array [
      Object {
        "apr": 13.53321,
        "boostable": false,
        "harvestable": false,
        "maxApr": 13.53321,
        "minApr": 13.53321,
        "name": "Vault Compounding",
        "performance": Object {
          "oneDay": 13.53321,
          "sevenDay": 13.53321,
          "thirtyDay": 13.53321,
          "threeDay": 13.53321,
        },
      },
      Object {
        "apr": 6.8775,
        "boostable": false,
        "harvestable": false,
        "maxApr": 6.8775,
        "minApr": 6.8775,
        "name": "Badger Rewards",
        "performance": Object {
          "oneDay": 6.8775,
          "sevenDay": 6.8775,
          "thirtyDay": 6.8775,
          "threeDay": 6.8775,
        },
      },
      Object {
        "apr": 1.2,
        "boostable": false,
        "harvestable": false,
        "maxApr": 1.2,
        "minApr": 1.2,
        "name": "Digg Rewards",
        "performance": Object {
          "oneDay": 1.2,
          "sevenDay": 1.2,
          "thirtyDay": 1.2,
          "threeDay": 1.2,
        },
      },
      Object {
        "apr": 1.33,
        "boostable": false,
        "harvestable": false,
        "maxApr": 1.33,
        "minApr": 1.33,
        "name": "Curve Trading Fees",
        "performance": Object {
          "oneDay": 1.33,
          "sevenDay": 1.33,
          "thirtyDay": 1.33,
          "threeDay": 1.33,
        },
      },
    ],
    "tokens": Array [
      Object {
        "address": "0x110492b31c59716AC47337E616804E3E3AdC0b4a",
        "balance": 17,
        "decimals": 18,
        "name": "SushiSwap: WBTC-BADGER",
        "symbol": "SLP-BADGER-WBTC",
        "value": 289,
      },
      Object {
        "address": "0x110492b31c59716AC47337E616804E3E3AdC0b4a",
        "balance": 4356,
        "decimals": 18,
        "name": "SushiSwap: WBTC-BADGER",
        "symbol": "SLP-BADGER-WBTC",
        "value": 74052,
      },
    ],
    "underlyingToken": "0x110492b31c59716AC47337E616804E3E3AdC0b4a",
    "value": 74341,
    "vaultToken": "0x1862A18181346EBd9EdAf800804f89190DeF24a5",
  },
  Object {
    "apr": 22.940710000000003,
    "asset": "SLP-DIGG-WBTC",
    "balance": 0,
    "boostable": false,
    "experimental": false,
    "hasBouncer": false,
    "name": "Sushiswap Wrapped BTC/Digg",
    "ppfs": 1,
    "sources": Array [
      Object {
        "apr": 13.53321,
        "boostable": false,
        "harvestable": false,
        "maxApr": 13.53321,
        "minApr": 13.53321,
        "name": "Vault Compounding",
        "performance": Object {
          "oneDay": 13.53321,
          "sevenDay": 13.53321,
          "thirtyDay": 13.53321,
          "threeDay": 13.53321,
        },
      },
      Object {
        "apr": 6.8775,
        "boostable": false,
        "harvestable": false,
        "maxApr": 6.8775,
        "minApr": 6.8775,
        "name": "Badger Rewards",
        "performance": Object {
          "oneDay": 6.8775,
          "sevenDay": 6.8775,
          "thirtyDay": 6.8775,
          "threeDay": 6.8775,
        },
      },
      Object {
        "apr": 1.2,
        "boostable": false,
        "harvestable": false,
        "maxApr": 1.2,
        "minApr": 1.2,
        "name": "Digg Rewards",
        "performance": Object {
          "oneDay": 1.2,
          "sevenDay": 1.2,
          "thirtyDay": 1.2,
          "threeDay": 1.2,
        },
      },
      Object {
        "apr": 1.33,
        "boostable": false,
        "harvestable": false,
        "maxApr": 1.33,
        "minApr": 1.33,
        "name": "Curve Trading Fees",
        "performance": Object {
          "oneDay": 1.33,
          "sevenDay": 1.33,
          "thirtyDay": 1.33,
          "threeDay": 1.33,
        },
      },
    ],
    "tokens": Array [
      Object {
        "address": "0x9a13867048e01c663ce8Ce2fE0cDAE69Ff9F35E3",
        "balance": 154,
        "decimals": 18,
        "name": "SushiSwap: WBTC-DIGG",
        "symbol": "SLP-DIGG-WBTC",
        "value": 23716,
      },
      Object {
        "address": "0x9a13867048e01c663ce8Ce2fE0cDAE69Ff9F35E3",
        "balance": 39443,
        "decimals": 18,
        "name": "SushiSwap: WBTC-DIGG",
        "symbol": "SLP-DIGG-WBTC",
        "value": 6074222,
      },
    ],
    "underlyingToken": "0x9a13867048e01c663ce8Ce2fE0cDAE69Ff9F35E3",
    "value": 6097938,
    "vaultToken": "0x88128580ACdD9c04Ce47AFcE196875747bF2A9f6",
  },
  Object {
    "apr": 22.940710000000003,
    "asset": "DIGG",
    "balance": 0,
    "boostable": false,
    "experimental": false,
    "hasBouncer": false,
    "name": "Digg",
    "ppfs": 1,
    "sources": Array [
      Object {
        "apr": 13.53321,
        "boostable": false,
        "harvestable": false,
        "maxApr": 13.53321,
        "minApr": 13.53321,
        "name": "Vault Compounding",
        "performance": Object {
          "oneDay": 13.53321,
          "sevenDay": 13.53321,
          "thirtyDay": 13.53321,
          "threeDay": 13.53321,
        },
      },
      Object {
        "apr": 6.8775,
        "boostable": false,
        "harvestable": false,
        "maxApr": 6.8775,
        "minApr": 6.8775,
        "name": "Badger Rewards",
        "performance": Object {
          "oneDay": 6.8775,
          "sevenDay": 6.8775,
          "thirtyDay": 6.8775,
          "threeDay": 6.8775,
        },
      },
      Object {
        "apr": 1.2,
        "boostable": false,
        "harvestable": false,
        "maxApr": 1.2,
        "minApr": 1.2,
        "name": "Digg Rewards",
        "performance": Object {
          "oneDay": 1.2,
          "sevenDay": 1.2,
          "thirtyDay": 1.2,
          "threeDay": 1.2,
        },
      },
      Object {
        "apr": 1.33,
        "boostable": false,
        "harvestable": false,
        "maxApr": 1.33,
        "minApr": 1.33,
        "name": "Curve Trading Fees",
        "performance": Object {
          "oneDay": 1.33,
          "sevenDay": 1.33,
          "thirtyDay": 1.33,
          "threeDay": 1.33,
        },
      },
    ],
    "tokens": Array [
      Object {
        "address": "0x798D1bE841a82a273720CE31c822C61a67a601C3",
        "balance": 121,
        "decimals": 9,
        "name": "Digg",
        "symbol": "DIGG",
        "value": 14641,
      },
    ],
    "underlyingToken": "0x798D1bE841a82a273720CE31c822C61a67a601C3",
    "value": 14641,
    "vaultToken": "0x7e7E112A68d8D2E221E11047a72fFC1065c38e1a",
  },
  Object {
    "apr": 22.940710000000003,
    "asset": "BADGER",
    "balance": 0,
    "boostable": false,
    "experimental": false,
    "hasBouncer": false,
    "name": "Badger",
    "ppfs": 1,
    "sources": Array [
      Object {
        "apr": 13.53321,
        "boostable": false,
        "harvestable": false,
        "maxApr": 13.53321,
        "minApr": 13.53321,
        "name": "Vault Compounding",
        "performance": Object {
          "oneDay": 13.53321,
          "sevenDay": 13.53321,
          "thirtyDay": 13.53321,
          "threeDay": 13.53321,
        },
      },
      Object {
        "apr": 6.8775,
        "boostable": false,
        "harvestable": false,
        "maxApr": 6.8775,
        "minApr": 6.8775,
        "name": "Badger Rewards",
        "performance": Object {
          "oneDay": 6.8775,
          "sevenDay": 6.8775,
          "thirtyDay": 6.8775,
          "threeDay": 6.8775,
        },
      },
      Object {
        "apr": 1.2,
        "boostable": false,
        "harvestable": false,
        "maxApr": 1.2,
        "minApr": 1.2,
        "name": "Digg Rewards",
        "performance": Object {
          "oneDay": 1.2,
          "sevenDay": 1.2,
          "thirtyDay": 1.2,
          "threeDay": 1.2,
        },
      },
      Object {
        "apr": 1.33,
        "boostable": false,
        "harvestable": false,
        "maxApr": 1.33,
        "minApr": 1.33,
        "name": "Curve Trading Fees",
        "performance": Object {
          "oneDay": 1.33,
          "sevenDay": 1.33,
          "thirtyDay": 1.33,
          "threeDay": 1.33,
        },
      },
    ],
    "tokens": Array [
      Object {
        "address": "0x3472A5A71965499acd81997a54BBA8D852C6E53d",
        "balance": 52,
        "decimals": 18,
        "name": "Badger",
        "symbol": "BADGER",
        "value": 2704,
      },
    ],
    "underlyingToken": "0x3472A5A71965499acd81997a54BBA8D852C6E53d",
    "value": 2704,
    "vaultToken": "0x19D97D8fA813EE2f51aD4B4e04EA08bAf4DFfC28",
  },
  Object {
    "apr": 22.940710000000003,
    "asset": "WBTC",
    "balance": 0,
    "boostable": false,
    "experimental": false,
    "hasBouncer": true,
    "name": "Yearn Wrapped BTC",
    "ppfs": 1,
    "sources": Array [
      Object {
        "apr": 13.53321,
        "boostable": false,
        "harvestable": false,
        "maxApr": 13.53321,
        "minApr": 13.53321,
        "name": "Vault Compounding",
        "performance": Object {
          "oneDay": 13.53321,
          "sevenDay": 13.53321,
          "thirtyDay": 13.53321,
          "threeDay": 13.53321,
        },
      },
      Object {
        "apr": 6.8775,
        "boostable": false,
        "harvestable": false,
        "maxApr": 6.8775,
        "minApr": 6.8775,
        "name": "Badger Rewards",
        "performance": Object {
          "oneDay": 6.8775,
          "sevenDay": 6.8775,
          "thirtyDay": 6.8775,
          "threeDay": 6.8775,
        },
      },
      Object {
        "apr": 1.2,
        "boostable": false,
        "harvestable": false,
        "maxApr": 1.2,
        "minApr": 1.2,
        "name": "Digg Rewards",
        "performance": Object {
          "oneDay": 1.2,
          "sevenDay": 1.2,
          "thirtyDay": 1.2,
          "threeDay": 1.2,
        },
      },
      Object {
        "apr": 1.33,
        "boostable": false,
        "harvestable": false,
        "maxApr": 1.33,
        "minApr": 1.33,
        "name": "Curve Trading Fees",
        "performance": Object {
          "oneDay": 1.33,
          "sevenDay": 1.33,
          "thirtyDay": 1.33,
          "threeDay": 1.33,
        },
      },
    ],
    "tokens": Array [
      Object {
        "address": "0x2260FAC5E5542a773Aa44fBCfeDf7C193bc2C599",
        "balance": 34,
        "decimals": 8,
        "name": "Wrapped Bitcoin",
        "symbol": "WBTC",
        "value": 1156,
      },
    ],
    "underlyingToken": "0x2260FAC5E5542a773Aa44fBCfeDf7C193bc2C599",
    "value": 1156,
    "vaultToken": "0x4b92d19c11435614CD49Af1b589001b7c08cD4D5",
  },
  Object {
    "apr": 22.940710000000003,
    "asset": "SLP-IBBTC-WBTC",
    "balance": 0,
    "boostable": false,
    "experimental": false,
    "hasBouncer": false,
    "name": "Sushiswap Wrapped BTC/ibBTC",
    "ppfs": 1,
    "sources": Array [
      Object {
        "apr": 13.53321,
        "boostable": false,
        "harvestable": false,
        "maxApr": 13.53321,
        "minApr": 13.53321,
        "name": "Vault Compounding",
        "performance": Object {
          "oneDay": 13.53321,
          "sevenDay": 13.53321,
          "thirtyDay": 13.53321,
          "threeDay": 13.53321,
        },
      },
      Object {
        "apr": 6.8775,
        "boostable": false,
        "harvestable": false,
        "maxApr": 6.8775,
        "minApr": 6.8775,
        "name": "Badger Rewards",
        "performance": Object {
          "oneDay": 6.8775,
          "sevenDay": 6.8775,
          "thirtyDay": 6.8775,
          "threeDay": 6.8775,
        },
      },
      Object {
        "apr": 1.2,
        "boostable": false,
        "harvestable": false,
        "maxApr": 1.2,
        "minApr": 1.2,
        "name": "Digg Rewards",
        "performance": Object {
          "oneDay": 1.2,
          "sevenDay": 1.2,
          "thirtyDay": 1.2,
          "threeDay": 1.2,
        },
      },
      Object {
        "apr": 1.33,
        "boostable": false,
        "harvestable": false,
        "maxApr": 1.33,
        "minApr": 1.33,
        "name": "Curve Trading Fees",
        "performance": Object {
          "oneDay": 1.33,
          "sevenDay": 1.33,
          "thirtyDay": 1.33,
          "threeDay": 1.33,
        },
      },
    ],
    "tokens": Array [
      Object {
        "address": "0x18d98D452072Ac2EB7b74ce3DB723374360539f1",
        "balance": 24,
        "decimals": 18,
        "name": "SushiSwap: ibBTC-WBTC",
        "symbol": "SLP-IBBTC-WBTC",
        "value": 576,
      },
      Object {
        "address": "0x18d98D452072Ac2EB7b74ce3DB723374360539f1",
        "balance": 6361,
        "decimals": 18,
        "name": "SushiSwap: ibBTC-WBTC",
        "symbol": "SLP-IBBTC-WBTC",
        "value": 152664,
      },
    ],
    "underlyingToken": "0x18d98D452072Ac2EB7b74ce3DB723374360539f1",
    "value": 153240,
    "vaultToken": "0x8a8FFec8f4A0C8c9585Da95D9D97e8Cd6de273DE",
  },
  Object {
    "apr": 22.940710000000003,
    "asset": "DIGG",
    "balance": 0,
    "boostable": false,
    "experimental": true,
    "hasBouncer": false,
    "name": "Digg Stabilization",
    "ppfs": 1,
    "sources": Array [
      Object {
        "apr": 13.53321,
        "boostable": false,
        "harvestable": false,
        "maxApr": 13.53321,
        "minApr": 13.53321,
        "name": "Vault Compounding",
        "performance": Object {
          "oneDay": 13.53321,
          "sevenDay": 13.53321,
          "thirtyDay": 13.53321,
          "threeDay": 13.53321,
        },
      },
      Object {
        "apr": 6.8775,
        "boostable": false,
        "harvestable": false,
        "maxApr": 6.8775,
        "minApr": 6.8775,
        "name": "Badger Rewards",
        "performance": Object {
          "oneDay": 6.8775,
          "sevenDay": 6.8775,
          "thirtyDay": 6.8775,
          "threeDay": 6.8775,
        },
      },
      Object {
        "apr": 1.2,
        "boostable": false,
        "harvestable": false,
        "maxApr": 1.2,
        "minApr": 1.2,
        "name": "Digg Rewards",
        "performance": Object {
          "oneDay": 1.2,
          "sevenDay": 1.2,
          "thirtyDay": 1.2,
          "threeDay": 1.2,
        },
      },
      Object {
        "apr": 1.33,
        "boostable": false,
        "harvestable": false,
        "maxApr": 1.33,
        "minApr": 1.33,
        "name": "Curve Trading Fees",
        "performance": Object {
          "oneDay": 1.33,
          "sevenDay": 1.33,
          "thirtyDay": 1.33,
          "threeDay": 1.33,
        },
      },
    ],
    "tokens": Array [
      Object {
        "address": "0x798D1bE841a82a273720CE31c822C61a67a601C3",
        "balance": 121,
        "decimals": 9,
        "name": "Digg",
        "symbol": "DIGG",
        "value": 14641,
      },
    ],
    "underlyingToken": "0x798D1bE841a82a273720CE31c822C61a67a601C3",
    "value": 14641,
    "vaultToken": "0x608b6D82eb121F3e5C0baeeD32d81007B916E83C",
  },
  Object {
    "apr": 22.940710000000003,
    "asset": "crvhBTC",
    "balance": 0,
    "boostable": false,
    "experimental": true,
    "hasBouncer": false,
    "name": "Curve.fi hBTC/wBTC",
    "ppfs": 1,
    "sources": Array [
      Object {
        "apr": 13.53321,
        "boostable": false,
        "harvestable": false,
        "maxApr": 13.53321,
        "minApr": 13.53321,
        "name": "Vault Compounding",
        "performance": Object {
          "oneDay": 13.53321,
          "sevenDay": 13.53321,
          "thirtyDay": 13.53321,
          "threeDay": 13.53321,
        },
      },
      Object {
        "apr": 6.8775,
        "boostable": false,
        "harvestable": false,
        "maxApr": 6.8775,
        "minApr": 6.8775,
        "name": "Badger Rewards",
        "performance": Object {
          "oneDay": 6.8775,
          "sevenDay": 6.8775,
          "thirtyDay": 6.8775,
          "threeDay": 6.8775,
        },
      },
      Object {
        "apr": 1.2,
        "boostable": false,
        "harvestable": false,
        "maxApr": 1.2,
        "minApr": 1.2,
        "name": "Digg Rewards",
        "performance": Object {
          "oneDay": 1.2,
          "sevenDay": 1.2,
          "thirtyDay": 1.2,
          "threeDay": 1.2,
        },
      },
      Object {
        "apr": 1.33,
        "boostable": false,
        "harvestable": false,
        "maxApr": 1.33,
        "minApr": 1.33,
        "name": "Curve Trading Fees",
        "performance": Object {
          "oneDay": 1.33,
          "sevenDay": 1.33,
          "thirtyDay": 1.33,
          "threeDay": 1.33,
        },
      },
    ],
    "tokens": Array [
      Object {
        "address": "0xb19059ebb43466C323583928285a49f558E572Fd",
        "balance": 177,
        "decimals": 18,
        "name": "Huobi BTC",
        "symbol": "crvhBTC",
        "value": 31329,
      },
    ],
    "underlyingToken": "0xb19059ebb43466C323583928285a49f558E572Fd",
    "value": 31329,
    "vaultToken": "0x8c76970747afd5398e958bDfadA4cf0B9FcA16c4",
  },
  Object {
    "apr": 22.940710000000003,
    "asset": "crvpBTC",
    "balance": 0,
    "boostable": false,
    "experimental": true,
    "hasBouncer": false,
    "name": "Curve.fi pBTC/wBTC",
    "ppfs": 1,
    "sources": Array [
      Object {
        "apr": 13.53321,
        "boostable": false,
        "harvestable": false,
        "maxApr": 13.53321,
        "minApr": 13.53321,
        "name": "Vault Compounding",
        "performance": Object {
          "oneDay": 13.53321,
          "sevenDay": 13.53321,
          "thirtyDay": 13.53321,
          "threeDay": 13.53321,
        },
      },
      Object {
        "apr": 6.8775,
        "boostable": false,
        "harvestable": false,
        "maxApr": 6.8775,
        "minApr": 6.8775,
        "name": "Badger Rewards",
        "performance": Object {
          "oneDay": 6.8775,
          "sevenDay": 6.8775,
          "thirtyDay": 6.8775,
          "threeDay": 6.8775,
        },
      },
      Object {
        "apr": 1.2,
        "boostable": false,
        "harvestable": false,
        "maxApr": 1.2,
        "minApr": 1.2,
        "name": "Digg Rewards",
        "performance": Object {
          "oneDay": 1.2,
          "sevenDay": 1.2,
          "thirtyDay": 1.2,
          "threeDay": 1.2,
        },
      },
      Object {
        "apr": 1.33,
        "boostable": false,
        "harvestable": false,
        "maxApr": 1.33,
        "minApr": 1.33,
        "name": "Curve Trading Fees",
        "performance": Object {
          "oneDay": 1.33,
          "sevenDay": 1.33,
          "thirtyDay": 1.33,
          "threeDay": 1.33,
        },
      },
    ],
    "tokens": Array [
      Object {
        "address": "0xDE5331AC4B3630f94853Ff322B66407e0D6331E8",
        "balance": 222,
        "decimals": 18,
        "name": "pTOkens BTC",
        "symbol": "crvpBTC",
        "value": 49284,
      },
    ],
    "underlyingToken": "0xDE5331AC4B3630f94853Ff322B66407e0D6331E8",
    "value": 49284,
    "vaultToken": "0x55912D0Cf83B75c492E761932ABc4DB4a5CB1b17",
  },
  Object {
    "apr": 22.940710000000003,
    "asset": "crvoBTC",
    "balance": 0,
    "boostable": false,
    "experimental": true,
    "hasBouncer": false,
    "name": "Curve.fi oBTC/wBTC",
    "ppfs": 1,
    "sources": Array [
      Object {
        "apr": 13.53321,
        "boostable": false,
        "harvestable": false,
        "maxApr": 13.53321,
        "minApr": 13.53321,
        "name": "Vault Compounding",
        "performance": Object {
          "oneDay": 13.53321,
          "sevenDay": 13.53321,
          "thirtyDay": 13.53321,
          "threeDay": 13.53321,
        },
      },
      Object {
        "apr": 6.8775,
        "boostable": false,
        "harvestable": false,
        "maxApr": 6.8775,
        "minApr": 6.8775,
        "name": "Badger Rewards",
        "performance": Object {
          "oneDay": 6.8775,
          "sevenDay": 6.8775,
          "thirtyDay": 6.8775,
          "threeDay": 6.8775,
        },
      },
      Object {
        "apr": 1.2,
        "boostable": false,
        "harvestable": false,
        "maxApr": 1.2,
        "minApr": 1.2,
        "name": "Digg Rewards",
        "performance": Object {
          "oneDay": 1.2,
          "sevenDay": 1.2,
          "thirtyDay": 1.2,
          "threeDay": 1.2,
        },
      },
      Object {
        "apr": 1.33,
        "boostable": false,
        "harvestable": false,
        "maxApr": 1.33,
        "minApr": 1.33,
        "name": "Curve Trading Fees",
        "performance": Object {
          "oneDay": 1.33,
          "sevenDay": 1.33,
          "thirtyDay": 1.33,
          "threeDay": 1.33,
        },
      },
    ],
    "tokens": Array [
      Object {
        "address": "0x410e3E86ef427e30B9235497143881f717d93c2A",
        "balance": 65,
        "decimals": 18,
        "name": "BoringDAO BTC",
        "symbol": "crvoBTC",
        "value": 4225,
      },
    ],
    "underlyingToken": "0x410e3E86ef427e30B9235497143881f717d93c2A",
    "value": 4225,
    "vaultToken": "0xf349c0faA80fC1870306Ac093f75934078e28991",
  },
  Object {
    "apr": 22.940710000000003,
    "asset": "crvrenWBTC",
    "balance": 0,
    "boostable": false,
    "experimental": true,
    "hasBouncer": false,
    "name": "Curve.fi bBTC/wBTC",
    "ppfs": 1,
    "sources": Array [
      Object {
        "apr": 13.53321,
        "boostable": false,
        "harvestable": false,
        "maxApr": 13.53321,
        "minApr": 13.53321,
        "name": "Vault Compounding",
        "performance": Object {
          "oneDay": 13.53321,
          "sevenDay": 13.53321,
          "thirtyDay": 13.53321,
          "threeDay": 13.53321,
        },
      },
      Object {
        "apr": 6.8775,
        "boostable": false,
        "harvestable": false,
        "maxApr": 6.8775,
        "minApr": 6.8775,
        "name": "Badger Rewards",
        "performance": Object {
          "oneDay": 6.8775,
          "sevenDay": 6.8775,
          "thirtyDay": 6.8775,
          "threeDay": 6.8775,
        },
      },
      Object {
        "apr": 1.2,
        "boostable": false,
        "harvestable": false,
        "maxApr": 1.2,
        "minApr": 1.2,
        "name": "Digg Rewards",
        "performance": Object {
          "oneDay": 1.2,
          "sevenDay": 1.2,
          "thirtyDay": 1.2,
          "threeDay": 1.2,
        },
      },
      Object {
        "apr": 1.33,
        "boostable": false,
        "harvestable": false,
        "maxApr": 1.33,
        "minApr": 1.33,
        "name": "Curve Trading Fees",
        "performance": Object {
          "oneDay": 1.33,
          "sevenDay": 1.33,
          "thirtyDay": 1.33,
          "threeDay": 1.33,
        },
      },
    ],
    "tokens": Array [
      Object {
        "address": "0x49849C98ae39Fff122806C06791Fa73784FB3675",
        "balance": 73,
        "decimals": 18,
        "name": "Curve.fi: renCrv Token",
        "symbol": "crvrenWBTC",
        "value": 5329,
      },
    ],
    "underlyingToken": "0x49849C98ae39Fff122806C06791Fa73784FB3675",
    "value": 5329,
    "vaultToken": "0x5Dce29e92b1b939F8E8C60DcF15BDE82A85be4a9",
  },
]
`;

exports[`SettsController GET /v2/setts with an invalid specified chain returns a 400 1`] = `
Object {
  "message": "invalid is not a supported chain",
}
`;

exports[`SettsController GET /v2/setts with no specified chain returns eth setts 1`] = `
Array [
  Object {
    "apr": 22.940710000000003,
    "asset": "crvsBTC",
    "balance": 0,
    "boostable": false,
    "experimental": false,
    "hasBouncer": false,
    "name": "Curve.fi renBTC/wBTC/sBTC",
    "ppfs": 1,
    "sources": Array [
      Object {
        "apr": 13.53321,
        "boostable": false,
        "harvestable": false,
        "maxApr": 13.53321,
        "minApr": 13.53321,
        "name": "Vault Compounding",
        "performance": Object {
          "oneDay": 13.53321,
          "sevenDay": 13.53321,
          "thirtyDay": 13.53321,
          "threeDay": 13.53321,
        },
      },
      Object {
        "apr": 6.8775,
        "boostable": false,
        "harvestable": false,
        "maxApr": 6.8775,
        "minApr": 6.8775,
        "name": "Badger Rewards",
        "performance": Object {
          "oneDay": 6.8775,
          "sevenDay": 6.8775,
          "thirtyDay": 6.8775,
          "threeDay": 6.8775,
        },
      },
      Object {
        "apr": 1.2,
        "boostable": false,
        "harvestable": false,
        "maxApr": 1.2,
        "minApr": 1.2,
        "name": "Digg Rewards",
        "performance": Object {
          "oneDay": 1.2,
          "sevenDay": 1.2,
          "thirtyDay": 1.2,
          "threeDay": 1.2,
        },
      },
      Object {
        "apr": 1.33,
        "boostable": false,
        "harvestable": false,
        "maxApr": 1.33,
        "minApr": 1.33,
        "name": "Curve Trading Fees",
        "performance": Object {
          "oneDay": 1.33,
          "sevenDay": 1.33,
          "thirtyDay": 1.33,
          "threeDay": 1.33,
        },
      },
    ],
    "tokens": Array [
      Object {
        "address": "0x075b1bb99792c9E1041bA13afEf80C91a1e70fB3",
        "balance": 7,
        "decimals": 18,
        "name": "Curve.fi renBTC/wBTC/sBTC",
        "symbol": "crvsBTC",
        "value": 49,
      },
    ],
    "underlyingToken": "0x075b1bb99792c9E1041bA13afEf80C91a1e70fB3",
    "value": 49,
    "vaultToken": "0xd04c48A53c111300aD41190D63681ed3dAd998eC",
  },
  Object {
    "apr": 22.940710000000003,
    "asset": "crvrenWBTC",
    "balance": 0,
    "boostable": false,
    "experimental": false,
    "hasBouncer": false,
    "name": "Curve.fi renBTC/wBTC",
    "ppfs": 1,
    "sources": Array [
      Object {
        "apr": 13.53321,
        "boostable": false,
        "harvestable": false,
        "maxApr": 13.53321,
        "minApr": 13.53321,
        "name": "Vault Compounding",
        "performance": Object {
          "oneDay": 13.53321,
          "sevenDay": 13.53321,
          "thirtyDay": 13.53321,
          "threeDay": 13.53321,
        },
      },
      Object {
        "apr": 6.8775,
        "boostable": false,
        "harvestable": false,
        "maxApr": 6.8775,
        "minApr": 6.8775,
        "name": "Badger Rewards",
        "performance": Object {
          "oneDay": 6.8775,
          "sevenDay": 6.8775,
          "thirtyDay": 6.8775,
          "threeDay": 6.8775,
        },
      },
      Object {
        "apr": 1.2,
        "boostable": false,
        "harvestable": false,
        "maxApr": 1.2,
        "minApr": 1.2,
        "name": "Digg Rewards",
        "performance": Object {
          "oneDay": 1.2,
          "sevenDay": 1.2,
          "thirtyDay": 1.2,
          "threeDay": 1.2,
        },
      },
      Object {
        "apr": 1.33,
        "boostable": false,
        "harvestable": false,
        "maxApr": 1.33,
        "minApr": 1.33,
        "name": "Curve Trading Fees",
        "performance": Object {
          "oneDay": 1.33,
          "sevenDay": 1.33,
          "thirtyDay": 1.33,
          "threeDay": 1.33,
        },
      },
    ],
    "tokens": Array [
      Object {
        "address": "0x49849C98ae39Fff122806C06791Fa73784FB3675",
        "balance": 73,
        "decimals": 18,
        "name": "Curve.fi: renCrv Token",
        "symbol": "crvrenWBTC",
        "value": 5329,
      },
    ],
    "underlyingToken": "0x49849C98ae39Fff122806C06791Fa73784FB3675",
    "value": 5329,
    "vaultToken": "0x6dEf55d2e18486B9dDfaA075bc4e4EE0B28c1545",
  },
  Object {
    "apr": 22.940710000000003,
    "asset": "crvtBTC",
    "balance": 0,
    "boostable": false,
    "experimental": false,
    "hasBouncer": false,
    "name": "Curve.fi tBTC/sBTC",
    "ppfs": 1,
    "sources": Array [
      Object {
        "apr": 13.53321,
        "boostable": false,
        "harvestable": false,
        "maxApr": 13.53321,
        "minApr": 13.53321,
        "name": "Vault Compounding",
        "performance": Object {
          "oneDay": 13.53321,
          "sevenDay": 13.53321,
          "thirtyDay": 13.53321,
          "threeDay": 13.53321,
        },
      },
      Object {
        "apr": 6.8775,
        "boostable": false,
        "harvestable": false,
        "maxApr": 6.8775,
        "minApr": 6.8775,
        "name": "Badger Rewards",
        "performance": Object {
          "oneDay": 6.8775,
          "sevenDay": 6.8775,
          "thirtyDay": 6.8775,
          "threeDay": 6.8775,
        },
      },
      Object {
        "apr": 1.2,
        "boostable": false,
        "harvestable": false,
        "maxApr": 1.2,
        "minApr": 1.2,
        "name": "Digg Rewards",
        "performance": Object {
          "oneDay": 1.2,
          "sevenDay": 1.2,
          "thirtyDay": 1.2,
          "threeDay": 1.2,
        },
      },
      Object {
        "apr": 1.33,
        "boostable": false,
        "harvestable": false,
        "maxApr": 1.33,
        "minApr": 1.33,
        "name": "Curve Trading Fees",
        "performance": Object {
          "oneDay": 1.33,
          "sevenDay": 1.33,
          "thirtyDay": 1.33,
          "threeDay": 1.33,
        },
      },
    ],
    "tokens": Array [
      Object {
        "address": "0x64eda51d3Ad40D56b9dFc5554E06F94e1Dd786Fd",
        "balance": 100,
        "decimals": 18,
        "name": "Curve.fi tBTC/sbtcCrv",
        "symbol": "crvtBTC",
        "value": 10000,
      },
    ],
    "underlyingToken": "0x64eda51d3Ad40D56b9dFc5554E06F94e1Dd786Fd",
    "value": 10000,
    "vaultToken": "0xb9D076fDe463dbc9f915E5392F807315Bf940334",
  },
  Object {
    "apr": 22.940710000000003,
    "asset": "crvrenWBTC",
    "balance": 0,
    "boostable": false,
    "experimental": false,
    "hasBouncer": false,
    "name": "Harvest-Curve.fi renBTC/wBTC",
    "ppfs": 1,
    "sources": Array [
      Object {
        "apr": 13.53321,
        "boostable": false,
        "harvestable": false,
        "maxApr": 13.53321,
        "minApr": 13.53321,
        "name": "Vault Compounding",
        "performance": Object {
          "oneDay": 13.53321,
          "sevenDay": 13.53321,
          "thirtyDay": 13.53321,
          "threeDay": 13.53321,
        },
      },
      Object {
        "apr": 6.8775,
        "boostable": false,
        "harvestable": false,
        "maxApr": 6.8775,
        "minApr": 6.8775,
        "name": "Badger Rewards",
        "performance": Object {
          "oneDay": 6.8775,
          "sevenDay": 6.8775,
          "thirtyDay": 6.8775,
          "threeDay": 6.8775,
        },
      },
      Object {
        "apr": 1.2,
        "boostable": false,
        "harvestable": false,
        "maxApr": 1.2,
        "minApr": 1.2,
        "name": "Digg Rewards",
        "performance": Object {
          "oneDay": 1.2,
          "sevenDay": 1.2,
          "thirtyDay": 1.2,
          "threeDay": 1.2,
        },
      },
      Object {
        "apr": 1.33,
        "boostable": false,
        "harvestable": false,
        "maxApr": 1.33,
        "minApr": 1.33,
        "name": "Curve Trading Fees",
        "performance": Object {
          "oneDay": 1.33,
          "sevenDay": 1.33,
          "thirtyDay": 1.33,
          "threeDay": 1.33,
        },
      },
    ],
    "tokens": Array [
      Object {
        "address": "0x49849C98ae39Fff122806C06791Fa73784FB3675",
        "balance": 73,
        "decimals": 18,
        "name": "Curve.fi: renCrv Token",
        "symbol": "crvrenWBTC",
        "value": 5329,
      },
    ],
    "underlyingToken": "0x49849C98ae39Fff122806C06791Fa73784FB3675",
    "value": 5329,
    "vaultToken": "0xAf5A1DECfa95BAF63E0084a35c62592B774A2A87",
  },
  Object {
    "apr": 22.940710000000003,
    "asset": "BADGER-WBTC",
    "balance": 0,
    "boostable": false,
    "experimental": false,
    "hasBouncer": false,
    "name": "Uniswap Wrapped BTC/Badger",
    "ppfs": 1,
    "sources": Array [
      Object {
        "apr": 13.53321,
        "boostable": false,
        "harvestable": false,
        "maxApr": 13.53321,
        "minApr": 13.53321,
        "name": "Vault Compounding",
        "performance": Object {
          "oneDay": 13.53321,
          "sevenDay": 13.53321,
          "thirtyDay": 13.53321,
          "threeDay": 13.53321,
        },
      },
      Object {
        "apr": 6.8775,
        "boostable": false,
        "harvestable": false,
        "maxApr": 6.8775,
        "minApr": 6.8775,
        "name": "Badger Rewards",
        "performance": Object {
          "oneDay": 6.8775,
          "sevenDay": 6.8775,
          "thirtyDay": 6.8775,
          "threeDay": 6.8775,
        },
      },
      Object {
        "apr": 1.2,
        "boostable": false,
        "harvestable": false,
        "maxApr": 1.2,
        "minApr": 1.2,
        "name": "Digg Rewards",
        "performance": Object {
          "oneDay": 1.2,
          "sevenDay": 1.2,
          "thirtyDay": 1.2,
          "threeDay": 1.2,
        },
      },
      Object {
        "apr": 1.33,
        "boostable": false,
        "harvestable": false,
        "maxApr": 1.33,
        "minApr": 1.33,
        "name": "Curve Trading Fees",
        "performance": Object {
          "oneDay": 1.33,
          "sevenDay": 1.33,
          "thirtyDay": 1.33,
          "threeDay": 1.33,
        },
      },
    ],
    "tokens": Array [
      Object {
        "address": "0xcD7989894bc033581532D2cd88Da5db0A4b12859",
        "balance": 205,
        "decimals": 18,
        "name": "Uniswap V2: WBTC-BADGER",
        "symbol": "BADGER-WBTC",
        "value": 42025,
      },
      Object {
        "address": "0xcD7989894bc033581532D2cd88Da5db0A4b12859",
        "balance": 52601,
        "decimals": 18,
        "name": "Uniswap V2: WBTC-BADGER",
        "symbol": "BADGER-WBTC",
        "value": 10783205,
      },
    ],
    "underlyingToken": "0xcD7989894bc033581532D2cd88Da5db0A4b12859",
    "value": 10825230,
    "vaultToken": "0x235c9e24D3FB2FAFd58a2E49D454Fdcd2DBf7FF1",
  },
  Object {
    "apr": 22.940710000000003,
    "asset": "DIGG-WBTC",
    "balance": 0,
    "boostable": false,
    "experimental": false,
    "hasBouncer": false,
    "name": "Uniswap Wrapped BTC/Digg",
    "ppfs": 1,
    "sources": Array [
      Object {
        "apr": 13.53321,
        "boostable": false,
        "harvestable": false,
        "maxApr": 13.53321,
        "minApr": 13.53321,
        "name": "Vault Compounding",
        "performance": Object {
          "oneDay": 13.53321,
          "sevenDay": 13.53321,
          "thirtyDay": 13.53321,
          "threeDay": 13.53321,
        },
      },
      Object {
        "apr": 6.8775,
        "boostable": false,
        "harvestable": false,
        "maxApr": 6.8775,
        "minApr": 6.8775,
        "name": "Badger Rewards",
        "performance": Object {
          "oneDay": 6.8775,
          "sevenDay": 6.8775,
          "thirtyDay": 6.8775,
          "threeDay": 6.8775,
        },
      },
      Object {
        "apr": 1.2,
        "boostable": false,
        "harvestable": false,
        "maxApr": 1.2,
        "minApr": 1.2,
        "name": "Digg Rewards",
        "performance": Object {
          "oneDay": 1.2,
          "sevenDay": 1.2,
          "thirtyDay": 1.2,
          "threeDay": 1.2,
        },
      },
      Object {
        "apr": 1.33,
        "boostable": false,
        "harvestable": false,
        "maxApr": 1.33,
        "minApr": 1.33,
        "name": "Curve Trading Fees",
        "performance": Object {
          "oneDay": 1.33,
          "sevenDay": 1.33,
          "thirtyDay": 1.33,
          "threeDay": 1.33,
        },
      },
    ],
    "tokens": Array [
      Object {
        "address": "0xE86204c4eDDd2f70eE00EAd6805f917671F56c52",
        "balance": 232,
        "decimals": 18,
        "name": "Uniswap V2: WBTC-DIGG",
        "symbol": "DIGG-WBTC",
        "value": 53824,
      },
      Object {
        "address": "0xE86204c4eDDd2f70eE00EAd6805f917671F56c52",
        "balance": 59490,
        "decimals": 18,
        "name": "Uniswap V2: WBTC-DIGG",
        "symbol": "DIGG-WBTC",
        "value": 13801680,
      },
    ],
    "underlyingToken": "0xE86204c4eDDd2f70eE00EAd6805f917671F56c52",
    "value": 13855504,
    "vaultToken": "0xC17078FDd324CC473F8175Dc5290fae5f2E84714",
  },
  Object {
    "apr": 22.940710000000003,
    "asset": "SLP-WBTC-ETH",
    "balance": 0,
    "boostable": false,
    "experimental": false,
    "hasBouncer": false,
    "name": "Sushiswap Wrapped BTC/Wrapped Ether",
    "ppfs": 1,
    "sources": Array [
      Object {
        "apr": 13.53321,
        "boostable": false,
        "harvestable": false,
        "maxApr": 13.53321,
        "minApr": 13.53321,
        "name": "Vault Compounding",
        "performance": Object {
          "oneDay": 13.53321,
          "sevenDay": 13.53321,
          "thirtyDay": 13.53321,
          "threeDay": 13.53321,
        },
      },
      Object {
        "apr": 6.8775,
        "boostable": false,
        "harvestable": false,
        "maxApr": 6.8775,
        "minApr": 6.8775,
        "name": "Badger Rewards",
        "performance": Object {
          "oneDay": 6.8775,
          "sevenDay": 6.8775,
          "thirtyDay": 6.8775,
          "threeDay": 6.8775,
        },
      },
      Object {
        "apr": 1.2,
        "boostable": false,
        "harvestable": false,
        "maxApr": 1.2,
        "minApr": 1.2,
        "name": "Digg Rewards",
        "performance": Object {
          "oneDay": 1.2,
          "sevenDay": 1.2,
          "thirtyDay": 1.2,
          "threeDay": 1.2,
        },
      },
      Object {
        "apr": 1.33,
        "boostable": false,
        "harvestable": false,
        "maxApr": 1.33,
        "minApr": 1.33,
        "name": "Curve Trading Fees",
        "performance": Object {
          "oneDay": 1.33,
          "sevenDay": 1.33,
          "thirtyDay": 1.33,
          "threeDay": 1.33,
        },
      },
    ],
    "tokens": Array [
      Object {
        "address": "0xCEfF51756c56CeFFCA006cD410B03FFC46dd3a58",
        "balance": 206,
        "decimals": 18,
        "name": "SushiSwap: WBTC-ETH",
        "symbol": "SLP-WBTC-ETH",
        "value": 42436,
      },
      Object {
        "address": "0xCEfF51756c56CeFFCA006cD410B03FFC46dd3a58",
        "balance": 52991,
        "decimals": 18,
        "name": "SushiSwap: WBTC-ETH",
        "symbol": "SLP-WBTC-ETH",
        "value": 10916146,
      },
    ],
    "underlyingToken": "0xCEfF51756c56CeFFCA006cD410B03FFC46dd3a58",
    "value": 10958582,
    "vaultToken": "0x758A43EE2BFf8230eeb784879CdcFF4828F2544D",
  },
  Object {
    "apr": 22.940710000000003,
    "asset": "SLP-BADGER-WBTC",
    "balance": 0,
    "boostable": false,
    "experimental": false,
    "hasBouncer": false,
    "name": "Sushiswap Wrapped BTC/Badger",
    "ppfs": 1,
    "sources": Array [
      Object {
        "apr": 13.53321,
        "boostable": false,
        "harvestable": false,
        "maxApr": 13.53321,
        "minApr": 13.53321,
        "name": "Vault Compounding",
        "performance": Object {
          "oneDay": 13.53321,
          "sevenDay": 13.53321,
          "thirtyDay": 13.53321,
          "threeDay": 13.53321,
        },
      },
      Object {
        "apr": 6.8775,
        "boostable": false,
        "harvestable": false,
        "maxApr": 6.8775,
        "minApr": 6.8775,
        "name": "Badger Rewards",
        "performance": Object {
          "oneDay": 6.8775,
          "sevenDay": 6.8775,
          "thirtyDay": 6.8775,
          "threeDay": 6.8775,
        },
      },
      Object {
        "apr": 1.2,
        "boostable": false,
        "harvestable": false,
        "maxApr": 1.2,
        "minApr": 1.2,
        "name": "Digg Rewards",
        "performance": Object {
          "oneDay": 1.2,
          "sevenDay": 1.2,
          "thirtyDay": 1.2,
          "threeDay": 1.2,
        },
      },
      Object {
        "apr": 1.33,
        "boostable": false,
        "harvestable": false,
        "maxApr": 1.33,
        "minApr": 1.33,
        "name": "Curve Trading Fees",
        "performance": Object {
          "oneDay": 1.33,
          "sevenDay": 1.33,
          "thirtyDay": 1.33,
          "threeDay": 1.33,
        },
      },
    ],
    "tokens": Array [
      Object {
        "address": "0x110492b31c59716AC47337E616804E3E3AdC0b4a",
        "balance": 17,
        "decimals": 18,
        "name": "SushiSwap: WBTC-BADGER",
        "symbol": "SLP-BADGER-WBTC",
        "value": 289,
      },
      Object {
        "address": "0x110492b31c59716AC47337E616804E3E3AdC0b4a",
        "balance": 4356,
        "decimals": 18,
        "name": "SushiSwap: WBTC-BADGER",
        "symbol": "SLP-BADGER-WBTC",
        "value": 74052,
      },
    ],
    "underlyingToken": "0x110492b31c59716AC47337E616804E3E3AdC0b4a",
    "value": 74341,
    "vaultToken": "0x1862A18181346EBd9EdAf800804f89190DeF24a5",
  },
  Object {
    "apr": 22.940710000000003,
    "asset": "SLP-DIGG-WBTC",
    "balance": 0,
    "boostable": false,
    "experimental": false,
    "hasBouncer": false,
    "name": "Sushiswap Wrapped BTC/Digg",
    "ppfs": 1,
    "sources": Array [
      Object {
        "apr": 13.53321,
        "boostable": false,
        "harvestable": false,
        "maxApr": 13.53321,
        "minApr": 13.53321,
        "name": "Vault Compounding",
        "performance": Object {
          "oneDay": 13.53321,
          "sevenDay": 13.53321,
          "thirtyDay": 13.53321,
          "threeDay": 13.53321,
        },
      },
      Object {
        "apr": 6.8775,
        "boostable": false,
        "harvestable": false,
        "maxApr": 6.8775,
        "minApr": 6.8775,
        "name": "Badger Rewards",
        "performance": Object {
          "oneDay": 6.8775,
          "sevenDay": 6.8775,
          "thirtyDay": 6.8775,
          "threeDay": 6.8775,
        },
      },
      Object {
        "apr": 1.2,
        "boostable": false,
        "harvestable": false,
        "maxApr": 1.2,
        "minApr": 1.2,
        "name": "Digg Rewards",
        "performance": Object {
          "oneDay": 1.2,
          "sevenDay": 1.2,
          "thirtyDay": 1.2,
          "threeDay": 1.2,
        },
      },
      Object {
        "apr": 1.33,
        "boostable": false,
        "harvestable": false,
        "maxApr": 1.33,
        "minApr": 1.33,
        "name": "Curve Trading Fees",
        "performance": Object {
          "oneDay": 1.33,
          "sevenDay": 1.33,
          "thirtyDay": 1.33,
          "threeDay": 1.33,
        },
      },
    ],
    "tokens": Array [
      Object {
        "address": "0x9a13867048e01c663ce8Ce2fE0cDAE69Ff9F35E3",
        "balance": 154,
        "decimals": 18,
        "name": "SushiSwap: WBTC-DIGG",
        "symbol": "SLP-DIGG-WBTC",
        "value": 23716,
      },
      Object {
        "address": "0x9a13867048e01c663ce8Ce2fE0cDAE69Ff9F35E3",
        "balance": 39443,
        "decimals": 18,
        "name": "SushiSwap: WBTC-DIGG",
        "symbol": "SLP-DIGG-WBTC",
        "value": 6074222,
      },
    ],
    "underlyingToken": "0x9a13867048e01c663ce8Ce2fE0cDAE69Ff9F35E3",
    "value": 6097938,
    "vaultToken": "0x88128580ACdD9c04Ce47AFcE196875747bF2A9f6",
  },
  Object {
    "apr": 22.940710000000003,
    "asset": "DIGG",
    "balance": 0,
    "boostable": false,
    "experimental": false,
    "hasBouncer": false,
    "name": "Digg",
    "ppfs": 1,
    "sources": Array [
      Object {
        "apr": 13.53321,
        "boostable": false,
        "harvestable": false,
        "maxApr": 13.53321,
        "minApr": 13.53321,
        "name": "Vault Compounding",
        "performance": Object {
          "oneDay": 13.53321,
          "sevenDay": 13.53321,
          "thirtyDay": 13.53321,
          "threeDay": 13.53321,
        },
      },
      Object {
        "apr": 6.8775,
        "boostable": false,
        "harvestable": false,
        "maxApr": 6.8775,
        "minApr": 6.8775,
        "name": "Badger Rewards",
        "performance": Object {
          "oneDay": 6.8775,
          "sevenDay": 6.8775,
          "thirtyDay": 6.8775,
          "threeDay": 6.8775,
        },
      },
      Object {
        "apr": 1.2,
        "boostable": false,
        "harvestable": false,
        "maxApr": 1.2,
        "minApr": 1.2,
        "name": "Digg Rewards",
        "performance": Object {
          "oneDay": 1.2,
          "sevenDay": 1.2,
          "thirtyDay": 1.2,
          "threeDay": 1.2,
        },
      },
      Object {
        "apr": 1.33,
        "boostable": false,
        "harvestable": false,
        "maxApr": 1.33,
        "minApr": 1.33,
        "name": "Curve Trading Fees",
        "performance": Object {
          "oneDay": 1.33,
          "sevenDay": 1.33,
          "thirtyDay": 1.33,
          "threeDay": 1.33,
        },
      },
    ],
    "tokens": Array [
      Object {
        "address": "0x798D1bE841a82a273720CE31c822C61a67a601C3",
        "balance": 121,
        "decimals": 9,
        "name": "Digg",
        "symbol": "DIGG",
        "value": 14641,
      },
    ],
    "underlyingToken": "0x798D1bE841a82a273720CE31c822C61a67a601C3",
    "value": 14641,
    "vaultToken": "0x7e7E112A68d8D2E221E11047a72fFC1065c38e1a",
  },
  Object {
    "apr": 22.940710000000003,
    "asset": "BADGER",
    "balance": 0,
    "boostable": false,
    "experimental": false,
    "hasBouncer": false,
    "name": "Badger",
    "ppfs": 1,
    "sources": Array [
      Object {
        "apr": 13.53321,
        "boostable": false,
        "harvestable": false,
        "maxApr": 13.53321,
        "minApr": 13.53321,
        "name": "Vault Compounding",
        "performance": Object {
          "oneDay": 13.53321,
          "sevenDay": 13.53321,
          "thirtyDay": 13.53321,
          "threeDay": 13.53321,
        },
      },
      Object {
        "apr": 6.8775,
        "boostable": false,
        "harvestable": false,
        "maxApr": 6.8775,
        "minApr": 6.8775,
        "name": "Badger Rewards",
        "performance": Object {
          "oneDay": 6.8775,
          "sevenDay": 6.8775,
          "thirtyDay": 6.8775,
          "threeDay": 6.8775,
        },
      },
      Object {
        "apr": 1.2,
        "boostable": false,
        "harvestable": false,
        "maxApr": 1.2,
        "minApr": 1.2,
        "name": "Digg Rewards",
        "performance": Object {
          "oneDay": 1.2,
          "sevenDay": 1.2,
          "thirtyDay": 1.2,
          "threeDay": 1.2,
        },
      },
      Object {
        "apr": 1.33,
        "boostable": false,
        "harvestable": false,
        "maxApr": 1.33,
        "minApr": 1.33,
        "name": "Curve Trading Fees",
        "performance": Object {
          "oneDay": 1.33,
          "sevenDay": 1.33,
          "thirtyDay": 1.33,
          "threeDay": 1.33,
        },
      },
    ],
    "tokens": Array [
      Object {
        "address": "0x3472A5A71965499acd81997a54BBA8D852C6E53d",
        "balance": 52,
        "decimals": 18,
        "name": "Badger",
        "symbol": "BADGER",
        "value": 2704,
      },
    ],
    "underlyingToken": "0x3472A5A71965499acd81997a54BBA8D852C6E53d",
    "value": 2704,
    "vaultToken": "0x19D97D8fA813EE2f51aD4B4e04EA08bAf4DFfC28",
  },
  Object {
    "apr": 22.940710000000003,
    "asset": "WBTC",
    "balance": 0,
    "boostable": false,
    "experimental": false,
    "hasBouncer": true,
    "name": "Yearn Wrapped BTC",
    "ppfs": 1,
    "sources": Array [
      Object {
        "apr": 13.53321,
        "boostable": false,
        "harvestable": false,
        "maxApr": 13.53321,
        "minApr": 13.53321,
        "name": "Vault Compounding",
        "performance": Object {
          "oneDay": 13.53321,
          "sevenDay": 13.53321,
          "thirtyDay": 13.53321,
          "threeDay": 13.53321,
        },
      },
      Object {
        "apr": 6.8775,
        "boostable": false,
        "harvestable": false,
        "maxApr": 6.8775,
        "minApr": 6.8775,
        "name": "Badger Rewards",
        "performance": Object {
          "oneDay": 6.8775,
          "sevenDay": 6.8775,
          "thirtyDay": 6.8775,
          "threeDay": 6.8775,
        },
      },
      Object {
        "apr": 1.2,
        "boostable": false,
        "harvestable": false,
        "maxApr": 1.2,
        "minApr": 1.2,
        "name": "Digg Rewards",
        "performance": Object {
          "oneDay": 1.2,
          "sevenDay": 1.2,
          "thirtyDay": 1.2,
          "threeDay": 1.2,
        },
      },
      Object {
        "apr": 1.33,
        "boostable": false,
        "harvestable": false,
        "maxApr": 1.33,
        "minApr": 1.33,
        "name": "Curve Trading Fees",
        "performance": Object {
          "oneDay": 1.33,
          "sevenDay": 1.33,
          "thirtyDay": 1.33,
          "threeDay": 1.33,
        },
      },
    ],
    "tokens": Array [
      Object {
        "address": "0x2260FAC5E5542a773Aa44fBCfeDf7C193bc2C599",
        "balance": 34,
        "decimals": 8,
        "name": "Wrapped Bitcoin",
        "symbol": "WBTC",
        "value": 1156,
      },
    ],
    "underlyingToken": "0x2260FAC5E5542a773Aa44fBCfeDf7C193bc2C599",
    "value": 1156,
    "vaultToken": "0x4b92d19c11435614CD49Af1b589001b7c08cD4D5",
  },
  Object {
    "apr": 22.940710000000003,
    "asset": "SLP-IBBTC-WBTC",
    "balance": 0,
    "boostable": false,
    "experimental": false,
    "hasBouncer": false,
    "name": "Sushiswap Wrapped BTC/ibBTC",
    "ppfs": 1,
    "sources": Array [
      Object {
        "apr": 13.53321,
        "boostable": false,
        "harvestable": false,
        "maxApr": 13.53321,
        "minApr": 13.53321,
        "name": "Vault Compounding",
        "performance": Object {
          "oneDay": 13.53321,
          "sevenDay": 13.53321,
          "thirtyDay": 13.53321,
          "threeDay": 13.53321,
        },
      },
      Object {
        "apr": 6.8775,
        "boostable": false,
        "harvestable": false,
        "maxApr": 6.8775,
        "minApr": 6.8775,
        "name": "Badger Rewards",
        "performance": Object {
          "oneDay": 6.8775,
          "sevenDay": 6.8775,
          "thirtyDay": 6.8775,
          "threeDay": 6.8775,
        },
      },
      Object {
        "apr": 1.2,
        "boostable": false,
        "harvestable": false,
        "maxApr": 1.2,
        "minApr": 1.2,
        "name": "Digg Rewards",
        "performance": Object {
          "oneDay": 1.2,
          "sevenDay": 1.2,
          "thirtyDay": 1.2,
          "threeDay": 1.2,
        },
      },
      Object {
        "apr": 1.33,
        "boostable": false,
        "harvestable": false,
        "maxApr": 1.33,
        "minApr": 1.33,
        "name": "Curve Trading Fees",
        "performance": Object {
          "oneDay": 1.33,
          "sevenDay": 1.33,
          "thirtyDay": 1.33,
          "threeDay": 1.33,
        },
      },
    ],
    "tokens": Array [
      Object {
        "address": "0x18d98D452072Ac2EB7b74ce3DB723374360539f1",
        "balance": 24,
        "decimals": 18,
        "name": "SushiSwap: ibBTC-WBTC",
        "symbol": "SLP-IBBTC-WBTC",
        "value": 576,
      },
      Object {
        "address": "0x18d98D452072Ac2EB7b74ce3DB723374360539f1",
        "balance": 6361,
        "decimals": 18,
        "name": "SushiSwap: ibBTC-WBTC",
        "symbol": "SLP-IBBTC-WBTC",
        "value": 152664,
      },
    ],
    "underlyingToken": "0x18d98D452072Ac2EB7b74ce3DB723374360539f1",
    "value": 153240,
    "vaultToken": "0x8a8FFec8f4A0C8c9585Da95D9D97e8Cd6de273DE",
  },
  Object {
    "apr": 22.940710000000003,
    "asset": "DIGG",
    "balance": 0,
    "boostable": false,
    "experimental": true,
    "hasBouncer": false,
    "name": "Digg Stabilization",
    "ppfs": 1,
    "sources": Array [
      Object {
        "apr": 13.53321,
        "boostable": false,
        "harvestable": false,
        "maxApr": 13.53321,
        "minApr": 13.53321,
        "name": "Vault Compounding",
        "performance": Object {
          "oneDay": 13.53321,
          "sevenDay": 13.53321,
          "thirtyDay": 13.53321,
          "threeDay": 13.53321,
        },
      },
      Object {
        "apr": 6.8775,
        "boostable": false,
        "harvestable": false,
        "maxApr": 6.8775,
        "minApr": 6.8775,
        "name": "Badger Rewards",
        "performance": Object {
          "oneDay": 6.8775,
          "sevenDay": 6.8775,
          "thirtyDay": 6.8775,
          "threeDay": 6.8775,
        },
      },
      Object {
        "apr": 1.2,
        "boostable": false,
        "harvestable": false,
        "maxApr": 1.2,
        "minApr": 1.2,
        "name": "Digg Rewards",
        "performance": Object {
          "oneDay": 1.2,
          "sevenDay": 1.2,
          "thirtyDay": 1.2,
          "threeDay": 1.2,
        },
      },
      Object {
        "apr": 1.33,
        "boostable": false,
        "harvestable": false,
        "maxApr": 1.33,
        "minApr": 1.33,
        "name": "Curve Trading Fees",
        "performance": Object {
          "oneDay": 1.33,
          "sevenDay": 1.33,
          "thirtyDay": 1.33,
          "threeDay": 1.33,
        },
      },
    ],
    "tokens": Array [
      Object {
        "address": "0x798D1bE841a82a273720CE31c822C61a67a601C3",
        "balance": 121,
        "decimals": 9,
        "name": "Digg",
        "symbol": "DIGG",
        "value": 14641,
      },
    ],
    "underlyingToken": "0x798D1bE841a82a273720CE31c822C61a67a601C3",
    "value": 14641,
    "vaultToken": "0x608b6D82eb121F3e5C0baeeD32d81007B916E83C",
  },
  Object {
    "apr": 22.940710000000003,
    "asset": "crvhBTC",
    "balance": 0,
    "boostable": false,
    "experimental": true,
    "hasBouncer": false,
    "name": "Curve.fi hBTC/wBTC",
    "ppfs": 1,
    "sources": Array [
      Object {
        "apr": 13.53321,
        "boostable": false,
        "harvestable": false,
        "maxApr": 13.53321,
        "minApr": 13.53321,
        "name": "Vault Compounding",
        "performance": Object {
          "oneDay": 13.53321,
          "sevenDay": 13.53321,
          "thirtyDay": 13.53321,
          "threeDay": 13.53321,
        },
      },
      Object {
        "apr": 6.8775,
        "boostable": false,
        "harvestable": false,
        "maxApr": 6.8775,
        "minApr": 6.8775,
        "name": "Badger Rewards",
        "performance": Object {
          "oneDay": 6.8775,
          "sevenDay": 6.8775,
          "thirtyDay": 6.8775,
          "threeDay": 6.8775,
        },
      },
      Object {
        "apr": 1.2,
        "boostable": false,
        "harvestable": false,
        "maxApr": 1.2,
        "minApr": 1.2,
        "name": "Digg Rewards",
        "performance": Object {
          "oneDay": 1.2,
          "sevenDay": 1.2,
          "thirtyDay": 1.2,
          "threeDay": 1.2,
        },
      },
      Object {
        "apr": 1.33,
        "boostable": false,
        "harvestable": false,
        "maxApr": 1.33,
        "minApr": 1.33,
        "name": "Curve Trading Fees",
        "performance": Object {
          "oneDay": 1.33,
          "sevenDay": 1.33,
          "thirtyDay": 1.33,
          "threeDay": 1.33,
        },
      },
    ],
    "tokens": Array [
      Object {
        "address": "0xb19059ebb43466C323583928285a49f558E572Fd",
        "balance": 177,
        "decimals": 18,
        "name": "Huobi BTC",
        "symbol": "crvhBTC",
        "value": 31329,
      },
    ],
    "underlyingToken": "0xb19059ebb43466C323583928285a49f558E572Fd",
    "value": 31329,
    "vaultToken": "0x8c76970747afd5398e958bDfadA4cf0B9FcA16c4",
  },
  Object {
    "apr": 22.940710000000003,
    "asset": "crvpBTC",
    "balance": 0,
    "boostable": false,
    "experimental": true,
    "hasBouncer": false,
    "name": "Curve.fi pBTC/wBTC",
    "ppfs": 1,
    "sources": Array [
      Object {
        "apr": 13.53321,
        "boostable": false,
        "harvestable": false,
        "maxApr": 13.53321,
        "minApr": 13.53321,
        "name": "Vault Compounding",
        "performance": Object {
          "oneDay": 13.53321,
          "sevenDay": 13.53321,
          "thirtyDay": 13.53321,
          "threeDay": 13.53321,
        },
      },
      Object {
        "apr": 6.8775,
        "boostable": false,
        "harvestable": false,
        "maxApr": 6.8775,
        "minApr": 6.8775,
        "name": "Badger Rewards",
        "performance": Object {
          "oneDay": 6.8775,
          "sevenDay": 6.8775,
          "thirtyDay": 6.8775,
          "threeDay": 6.8775,
        },
      },
      Object {
        "apr": 1.2,
        "boostable": false,
        "harvestable": false,
        "maxApr": 1.2,
        "minApr": 1.2,
        "name": "Digg Rewards",
        "performance": Object {
          "oneDay": 1.2,
          "sevenDay": 1.2,
          "thirtyDay": 1.2,
          "threeDay": 1.2,
        },
      },
      Object {
        "apr": 1.33,
        "boostable": false,
        "harvestable": false,
        "maxApr": 1.33,
        "minApr": 1.33,
        "name": "Curve Trading Fees",
        "performance": Object {
          "oneDay": 1.33,
          "sevenDay": 1.33,
          "thirtyDay": 1.33,
          "threeDay": 1.33,
        },
      },
    ],
    "tokens": Array [
      Object {
        "address": "0xDE5331AC4B3630f94853Ff322B66407e0D6331E8",
        "balance": 222,
        "decimals": 18,
        "name": "pTOkens BTC",
        "symbol": "crvpBTC",
        "value": 49284,
      },
    ],
    "underlyingToken": "0xDE5331AC4B3630f94853Ff322B66407e0D6331E8",
    "value": 49284,
    "vaultToken": "0x55912D0Cf83B75c492E761932ABc4DB4a5CB1b17",
  },
  Object {
    "apr": 22.940710000000003,
    "asset": "crvoBTC",
    "balance": 0,
    "boostable": false,
    "experimental": true,
    "hasBouncer": false,
    "name": "Curve.fi oBTC/wBTC",
    "ppfs": 1,
    "sources": Array [
      Object {
        "apr": 13.53321,
        "boostable": false,
        "harvestable": false,
        "maxApr": 13.53321,
        "minApr": 13.53321,
        "name": "Vault Compounding",
        "performance": Object {
          "oneDay": 13.53321,
          "sevenDay": 13.53321,
          "thirtyDay": 13.53321,
          "threeDay": 13.53321,
        },
      },
      Object {
        "apr": 6.8775,
        "boostable": false,
        "harvestable": false,
        "maxApr": 6.8775,
        "minApr": 6.8775,
        "name": "Badger Rewards",
        "performance": Object {
          "oneDay": 6.8775,
          "sevenDay": 6.8775,
          "thirtyDay": 6.8775,
          "threeDay": 6.8775,
        },
      },
      Object {
        "apr": 1.2,
        "boostable": false,
        "harvestable": false,
        "maxApr": 1.2,
        "minApr": 1.2,
        "name": "Digg Rewards",
        "performance": Object {
          "oneDay": 1.2,
          "sevenDay": 1.2,
          "thirtyDay": 1.2,
          "threeDay": 1.2,
        },
      },
      Object {
        "apr": 1.33,
        "boostable": false,
        "harvestable": false,
        "maxApr": 1.33,
        "minApr": 1.33,
        "name": "Curve Trading Fees",
        "performance": Object {
          "oneDay": 1.33,
          "sevenDay": 1.33,
          "thirtyDay": 1.33,
          "threeDay": 1.33,
        },
      },
    ],
    "tokens": Array [
      Object {
        "address": "0x410e3E86ef427e30B9235497143881f717d93c2A",
        "balance": 65,
        "decimals": 18,
        "name": "BoringDAO BTC",
        "symbol": "crvoBTC",
        "value": 4225,
      },
    ],
    "underlyingToken": "0x410e3E86ef427e30B9235497143881f717d93c2A",
    "value": 4225,
    "vaultToken": "0xf349c0faA80fC1870306Ac093f75934078e28991",
  },
  Object {
    "apr": 22.940710000000003,
    "asset": "crvrenWBTC",
    "balance": 0,
    "boostable": false,
    "experimental": true,
    "hasBouncer": false,
    "name": "Curve.fi bBTC/wBTC",
    "ppfs": 1,
    "sources": Array [
      Object {
        "apr": 13.53321,
        "boostable": false,
        "harvestable": false,
        "maxApr": 13.53321,
        "minApr": 13.53321,
        "name": "Vault Compounding",
        "performance": Object {
          "oneDay": 13.53321,
          "sevenDay": 13.53321,
          "thirtyDay": 13.53321,
          "threeDay": 13.53321,
        },
      },
      Object {
        "apr": 6.8775,
        "boostable": false,
        "harvestable": false,
        "maxApr": 6.8775,
        "minApr": 6.8775,
        "name": "Badger Rewards",
        "performance": Object {
          "oneDay": 6.8775,
          "sevenDay": 6.8775,
          "thirtyDay": 6.8775,
          "threeDay": 6.8775,
        },
      },
      Object {
        "apr": 1.2,
        "boostable": false,
        "harvestable": false,
        "maxApr": 1.2,
        "minApr": 1.2,
        "name": "Digg Rewards",
        "performance": Object {
          "oneDay": 1.2,
          "sevenDay": 1.2,
          "thirtyDay": 1.2,
          "threeDay": 1.2,
        },
      },
      Object {
        "apr": 1.33,
        "boostable": false,
        "harvestable": false,
        "maxApr": 1.33,
        "minApr": 1.33,
        "name": "Curve Trading Fees",
        "performance": Object {
          "oneDay": 1.33,
          "sevenDay": 1.33,
          "thirtyDay": 1.33,
          "threeDay": 1.33,
        },
      },
    ],
    "tokens": Array [
      Object {
        "address": "0x49849C98ae39Fff122806C06791Fa73784FB3675",
        "balance": 73,
        "decimals": 18,
        "name": "Curve.fi: renCrv Token",
        "symbol": "crvrenWBTC",
        "value": 5329,
      },
    ],
    "underlyingToken": "0x49849C98ae39Fff122806C06791Fa73784FB3675",
    "value": 5329,
    "vaultToken": "0x5Dce29e92b1b939F8E8C60DcF15BDE82A85be4a9",
  },
]
`;
