// Jest Snapshot v1, https://goo.gl/fbAQLP

exports[`ProofsController GET /v3/proofs returns 200 and the merkle proof for a user on the bouncer list 1`] = `
Array [
  "0xe6487033F5C8e2b4726AF54CA1449FEC18Bd1484",
  "0xe6487033F5C8e2b4726AF54CA1449FEC18Bd1484",
  "0xe6487033F5C8e2b4726AF54CA1449FEC18Bd1484",
]
`;

exports[`ProofsController GET /v3/proofs returns 404 for a chain with no bouncer file 1`] = `
Object {
  "code": 2000,
  "message": "ethereum does not have requested data",
}
`;

exports[`ProofsController GET /v3/proofs returns 404 for users not on the bouncer list 1`] = `
Object {
  "code": 2001,
  "message": "No data for specified address: 0xe6487033F5C8e2b4726AF54CA1449FEC18Bd1484",
}
`;
