// Jest Snapshot v1, https://goo.gl/fbAQLP

exports[`proofs.service getBouncerProof returns the user proof for a user on the bouncer list 1`] = `
Array [
  "0x19D97D8fA813EE2f51aD4B4e04EA08bAf4DFfC28",
  "0x19D97D8fA813EE2f51aD4B4e04EA08bAf4DFfC28",
  "0x19D97D8fA813EE2f51aD4B4e04EA08bAf4DFfC28",
]
`;
