// Jest Snapshot v1, https://goo.gl/fbAQLP

exports[`indexer.utils constructVaultsDefinition should construct vault definition 1`] = `
VaultDefinitionModel {
  "address": "0xd04c48A53c111300aD41190D63681ed3dAd998eC",
  "behavior": "None",
  "bouncer": "none",
  "chain": "ethereum",
  "client": "",
  "createdAt": 1607018449,
  "depositToken": "0x075b1bb99792c9E1041bA13afEf80C91a1e70fB3",
  "id": "ethereum-0xd04c48A53c111300aD41190D63681ed3dAd998eC",
  "isNew": false,
  "isProduction": 1,
  "lastHarvestIndexedBlock": 13500500,
  "name": "renBTC/wBTC/sBTC",
  "protocol": "Convex",
  "releasedAt": 1654738224,
  "stage": "prod",
  "state": "discontinued",
  "updatedAt": 1654738224,
  "version": "v1",
}
`;

exports[`indexer.utils vaultToSnapshot should return valid snapshot of the vault 1`] = `
Object {
  "address": "0x19D97D8fA813EE2f51aD4B4e04EA08bAf4DFfC28",
  "apr": 0,
  "available": 1006655.3375347335,
  "balance": 1006655.3375347335,
  "block": 13500500,
  "boostWeight": 0,
  "grossApr": 0,
  "harvestApr": 0,
  "pricePerFullShare": 1.2348816886763505,
  "strategy": Object {
    "address": "0x32BdF2B35Bbf8dAca3561C3ADE59c941488E9c69",
    "aumFee": 0,
    "performanceFee": 2,
    "strategistFee": 3,
    "withdrawFee": 1,
  },
  "strategyBalance": 0,
  "timestamp": 1660223160457,
  "totalSupply": 815183.6299506156,
  "value": 13515354561.74,
  "yieldApr": 0,
}
`;
