// Jest Snapshot v1, https://goo.gl/fbAQLP

exports[`leaderboards.controller GET /leaderboards with a specified chain returns the specified chain leaderboard 1`] = `
Object {
  "summary": Object {
    "basic": 1000,
    "frenzy": 40,
    "hero": 35,
    "hyper": 25,
    "neo": 20,
  },
  "updatedAt": 1660223160457,
}
`;

exports[`leaderboards.controller GET /leaderboards with no specified chain returns the ethereum leaderboard 1`] = `
Object {
  "summary": Object {
    "basic": 1000,
    "frenzy": 40,
    "hero": 35,
    "hyper": 25,
    "neo": 20,
  },
  "updatedAt": 1660223160457,
}
`;
