// Jest Snapshot v1, https://goo.gl/fbAQLP

exports[`getRewardsAprForDataBlob returns rewards apr 1`] = `
Object {
  "0": 0,
  "1": 6.692294226897413,
  "2": 8.948838125220531,
  "3": 0,
  "overall": 8.046220565891284,
}
`;

exports[`getStakedCitadelPrice returns staked price and addr 1`] = `
Object {
  "address": "0x3472A5A71965499acd81997a54BBA8D852C6E53d",
  "price": 315,
}
`;

exports[`getTokensPaidSummary should return rewards tokens paid summary 1`] = `
Object {
  "0xa0FFfb6b575045f215432b3158Ffd0A9ee0454B9": 19243.263336764325,
}
`;
