// Jest Snapshot v1, https://goo.gl/fbAQLP

exports[`PricesController GET /v2/prices with a valid specified chain returns token config 1`] = `
Object {
  "0x2B5455aac8d64C14786c3a29858E43b5945819C0": 2,
  "0x3472A5A71965499acd81997a54BBA8D852C6E53d": 3,
}
`;

exports[`PricesController GET /v2/prices with an invalid specified chain returns a 400 1`] = `
Object {
  "message": "invalid is not a supported chain",
}
`;
